Archive member included to satisfy reference by file (symbol)

/opt/st/stm32cubeide_1.19.0/plugins/com.st.stm32cube.ide.mcu.externaltools.gnu-tools-for-stm32.13.3.rel1.linux64_1.0.0.202410170706/tools/bin/../lib/gcc/arm-none-eabi/13.3.1/../../../../arm-none-eabi/lib/thumb/v7e-m+fp/hard/libc_nano.a(libc_a-exit.o)
                              /opt/st/stm32cubeide_1.19.0/plugins/com.st.stm32cube.ide.mcu.externaltools.gnu-tools-for-stm32.13.3.rel1.linux64_1.0.0.202410170706/tools/bin/../lib/gcc/arm-none-eabi/13.3.1/../../../../arm-none-eabi/lib/thumb/v7e-m+fp/hard/crt0.o (exit)
/opt/st/stm32cubeide_1.19.0/plugins/com.st.stm32cube.ide.mcu.externaltools.gnu-tools-for-stm32.13.3.rel1.linux64_1.0.0.202410170706/tools/bin/../lib/gcc/arm-none-eabi/13.3.1/../../../../arm-none-eabi/lib/thumb/v7e-m+fp/hard/libc_nano.a(libc_a-findfp.o)
                              /opt/st/stm32cubeide_1.19.0/plugins/com.st.stm32cube.ide.mcu.externaltools.gnu-tools-for-stm32.13.3.rel1.linux64_1.0.0.202410170706/tools/bin/../lib/gcc/arm-none-eabi/13.3.1/../../../../arm-none-eabi/lib/thumb/v7e-m+fp/hard/libc_nano.a(libc_a-exit.o) (__stdio_exit_handler)
/opt/st/stm32cubeide_1.19.0/plugins/com.st.stm32cube.ide.mcu.externaltools.gnu-tools-for-stm32.13.3.rel1.linux64_1.0.0.202410170706/tools/bin/../lib/gcc/arm-none-eabi/13.3.1/../../../../arm-none-eabi/lib/thumb/v7e-m+fp/hard/libc_nano.a(libc_a-fwalk.o)
                              /opt/st/stm32cubeide_1.19.0/plugins/com.st.stm32cube.ide.mcu.externaltools.gnu-tools-for-stm32.13.3.rel1.linux64_1.0.0.202410170706/tools/bin/../lib/gcc/arm-none-eabi/13.3.1/../../../../arm-none-eabi/lib/thumb/v7e-m+fp/hard/libc_nano.a(libc_a-findfp.o) (_fwalk_sglue)
/opt/st/stm32cubeide_1.19.0/plugins/com.st.stm32cube.ide.mcu.externaltools.gnu-tools-for-stm32.13.3.rel1.linux64_1.0.0.202410170706/tools/bin/../lib/gcc/arm-none-eabi/13.3.1/../../../../arm-none-eabi/lib/thumb/v7e-m+fp/hard/libc_nano.a(libc_a-stdio.o)
                              /opt/st/stm32cubeide_1.19.0/plugins/com.st.stm32cube.ide.mcu.externaltools.gnu-tools-for-stm32.13.3.rel1.linux64_1.0.0.202410170706/tools/bin/../lib/gcc/arm-none-eabi/13.3.1/../../../../arm-none-eabi/lib/thumb/v7e-m+fp/hard/libc_nano.a(libc_a-findfp.o) (__sread)
/opt/st/stm32cubeide_1.19.0/plugins/com.st.stm32cube.ide.mcu.externaltools.gnu-tools-for-stm32.13.3.rel1.linux64_1.0.0.202410170706/tools/bin/../lib/gcc/arm-none-eabi/13.3.1/../../../../arm-none-eabi/lib/thumb/v7e-m+fp/hard/libc_nano.a(libc_a-memset.o)
                              /opt/st/stm32cubeide_1.19.0/plugins/com.st.stm32cube.ide.mcu.externaltools.gnu-tools-for-stm32.13.3.rel1.linux64_1.0.0.202410170706/tools/bin/../lib/gcc/arm-none-eabi/13.3.1/../../../../arm-none-eabi/lib/thumb/v7e-m+fp/hard/crt0.o (memset)
/opt/st/stm32cubeide_1.19.0/plugins/com.st.stm32cube.ide.mcu.externaltools.gnu-tools-for-stm32.13.3.rel1.linux64_1.0.0.202410170706/tools/bin/../lib/gcc/arm-none-eabi/13.3.1/../../../../arm-none-eabi/lib/thumb/v7e-m+fp/hard/libc_nano.a(libc_a-closer.o)
                              /opt/st/stm32cubeide_1.19.0/plugins/com.st.stm32cube.ide.mcu.externaltools.gnu-tools-for-stm32.13.3.rel1.linux64_1.0.0.202410170706/tools/bin/../lib/gcc/arm-none-eabi/13.3.1/../../../../arm-none-eabi/lib/thumb/v7e-m+fp/hard/libc_nano.a(libc_a-stdio.o) (_close_r)
/opt/st/stm32cubeide_1.19.0/plugins/com.st.stm32cube.ide.mcu.externaltools.gnu-tools-for-stm32.13.3.rel1.linux64_1.0.0.202410170706/tools/bin/../lib/gcc/arm-none-eabi/13.3.1/../../../../arm-none-eabi/lib/thumb/v7e-m+fp/hard/libc_nano.a(libc_a-reent.o)
                              /opt/st/stm32cubeide_1.19.0/plugins/com.st.stm32cube.ide.mcu.externaltools.gnu-tools-for-stm32.13.3.rel1.linux64_1.0.0.202410170706/tools/bin/../lib/gcc/arm-none-eabi/13.3.1/../../../../arm-none-eabi/lib/thumb/v7e-m+fp/hard/libc_nano.a(libc_a-closer.o) (errno)
/opt/st/stm32cubeide_1.19.0/plugins/com.st.stm32cube.ide.mcu.externaltools.gnu-tools-for-stm32.13.3.rel1.linux64_1.0.0.202410170706/tools/bin/../lib/gcc/arm-none-eabi/13.3.1/../../../../arm-none-eabi/lib/thumb/v7e-m+fp/hard/libc_nano.a(libc_a-impure.o)
                              /opt/st/stm32cubeide_1.19.0/plugins/com.st.stm32cube.ide.mcu.externaltools.gnu-tools-for-stm32.13.3.rel1.linux64_1.0.0.202410170706/tools/bin/../lib/gcc/arm-none-eabi/13.3.1/../../../../arm-none-eabi/lib/thumb/v7e-m+fp/hard/libc_nano.a(libc_a-reent.o) (_impure_ptr)
/opt/st/stm32cubeide_1.19.0/plugins/com.st.stm32cube.ide.mcu.externaltools.gnu-tools-for-stm32.13.3.rel1.linux64_1.0.0.202410170706/tools/bin/../lib/gcc/arm-none-eabi/13.3.1/../../../../arm-none-eabi/lib/thumb/v7e-m+fp/hard/libc_nano.a(libc_a-lseekr.o)
                              /opt/st/stm32cubeide_1.19.0/plugins/com.st.stm32cube.ide.mcu.externaltools.gnu-tools-for-stm32.13.3.rel1.linux64_1.0.0.202410170706/tools/bin/../lib/gcc/arm-none-eabi/13.3.1/../../../../arm-none-eabi/lib/thumb/v7e-m+fp/hard/libc_nano.a(libc_a-stdio.o) (_lseek_r)
[...]
Memory Configuration

Name             Origin             Length             Attributes
CCMRAM           0x10000000         0x00010000         xrw
RAM              0x20000000         0x00020000         xrw
FLASH            0x08000000         0x00100000         xr
*default*        0x00000000         0xffffffff

Linker script and memory map

LOAD /opt/st/stm32cubeide_1.19.0/plugins/com.st.stm32cube.ide.mcu.externaltools.gnu-tools-for-stm32.13.3.rel1.linux64_1.0.0.202410170706/tools/bin/../lib/gcc/arm-none-eabi/13.3.1/thumb/v7e-m+fp/hard/crti.o
LOAD /opt/st/stm32cubeide_1.19.0/plugins/com.st.stm32cube.ide.mcu.externaltools.gnu-tools-for-stm32.13.3.rel1.linux64_1.0.0.202410170706/tools/bin/../lib/gcc/arm-none-eabi/13.3.1/thumb/v7e-m+fp/hard/crtbegin.o
LOAD /opt/st/stm32cubeide_1.19.0/plugins/com.st.stm32cube.ide.mcu.externaltools.gnu-tools-for-stm32.13.3.rel1.linux64_1.0.0.202410170706/tools/bin/../lib/gcc/arm-none-eabi/13.3.1/../../../../arm-none-eabi/lib/thumb/v7e-m+fp/hard/crt0.o
LOAD ./Core/Src/dma.o
LOAD ./Core/Src/gpio.o
LOAD ./Core/Src/main.o
LOAD ./Core/Src/stm32f4xx_hal_msp.o
LOAD ./Core/Src/stm32f4xx_it.o
LOAD ./Core/Src/syscalls.o
LOAD ./Core/Src/sysmem.o
LOAD ./Core/Src/system_stm32f4xx.o
LOAD ./Core/Src/tim.o
LOAD ./Core/Src/usart.o
LOAD ./Core/Startup/startup_stm32f407vgtx.o
LOAD ./Drivers/STM32F4xx_HAL_Driver/Src/stm32f4xx_hal.o
LOAD ./Drivers/STM32F4xx_HAL_Driver/Src/stm32f4xx_hal_cortex.o
LOAD ./Drivers/STM32F4xx_HAL_Driver/Src/stm32f4xx_hal_dma.o
LOAD ./Drivers/STM32F4xx_HAL_Driver/Src/stm32f4xx_hal_dma_ex.o
LOAD ./Drivers/STM32F4xx_HAL_Driver/Src/stm32f4xx_hal_exti.o
LOAD ./Drivers/STM32F4xx_HAL_Driver/Src/stm32f4xx_hal_flash.o
LOAD ./Drivers/STM32F4xx_HAL_Driver/Src/stm32f4xx_hal_flash_ex.o
LOAD ./Drivers/STM32F4xx_HAL_Driver/Src/stm32f4xx_hal_flash_ramfunc.o
LOAD ./Drivers/STM32F4xx_HAL_Driver/Src/stm32f4xx_hal_gpio.o
LOAD ./Drivers/STM32F4xx_HAL_Driver/Src/stm32f4xx_hal_pwr.o
LOAD ./Drivers/STM32F4xx_HAL_Driver/Src/stm32f4xx_hal_pwr_ex.o
LOAD ./Drivers/STM32F4xx_HAL_Driver/Src/stm32f4xx_hal_rcc.o
LOAD ./Drivers/STM32F4xx_HAL_Driver/Src/stm32f4xx_hal_rcc_ex.o
LOAD ./Drivers/STM32F4xx_HAL_Driver/Src/stm32f4xx_hal_tim.o
LOAD ./Drivers/STM32F4xx_HAL_Driver/Src/stm32f4xx_hal_tim_ex.o
LOAD ./Drivers/STM32F4xx_HAL_Driver/Src/stm32f4xx_hal_uart.o
START GROUP
LOAD /opt/st/stm32cubeide_1.19.0/plugins/com.st.stm32cube.ide.mcu.externaltools.gnu-tools-for-stm32.13.3.rel1.linux64_1.0.0.202410170706/tools/bin/../lib/gcc/arm-none-eabi/13.3.1/../../../../arm-none-eabi/lib/thumb/v7e-m+fp/hard/libc_nano.a
LOAD /opt/st/stm32cubeide_1.19.0/plugins/com.st.stm32cube.ide.mcu.externaltools.gnu-tools-for-stm32.13.3.rel1.linux64_1.0.0.202410170706/tools/bin/../lib/gcc/arm-none-eabi/13.3.1/../../../../arm-none-eabi/lib/thumb/v7e-m+fp/hard/libm.a
END GROUP
START GROUP
LOAD /opt/st/stm32cubeide_1.19.0/plugins/com.st.stm32cube.ide.mcu.externaltools.gnu-tools-for-stm32.13.3.rel1.linux64_1.0.0.202410170706/tools/bin/../lib/gcc/arm-none-eabi/13.3.1/thumb/v7e-m+fp/hard/libgcc.a
LOAD /opt/st/stm32cubeide_1.19.0/plugins/com.st.stm32cube.ide.mcu.externaltools.gnu-tools-for-stm32.13.3.rel1.linux64_1.0.0.202410170706/tools/bin/../lib/gcc/arm-none-eabi/13.3.1/../../../../arm-none-eabi/lib/thumb/v7e-m+fp/hard/libc_nano.a
END GROUP
START GROUP
LOAD /opt/st/stm32cubeide_1.19.0/plugins/com.st.stm32cube.ide.mcu.externaltools.gnu-tools-for-stm32.13.3.rel1.linux64_1.0.0.202410170706/tools/bin/../lib/gcc/arm-none-eabi/13.3.1/thumb/v7e-m+fp/hard/libgcc.a
LOAD /opt/st/stm32cubeide_1.19.0/plugins/com.st.stm32cube.ide.mcu.externaltools.gnu-tools-for-stm32.13.3.rel1.linux64_1.0.0.202410170706/tools/bin/../lib/gcc/arm-none-eabi/13.3.1/../../../../arm-none-eabi/lib/thumb/v7e-m+fp/hard/libc_nano.a
LOAD /opt/st/stm32cubeide_1.19.0/plugins/com.st.stm32cube.ide.mcu.externaltools.gnu-tools-for-stm32.13.3.rel1.linux64_1.0.0.202410170706/tools/bin/../lib/gcc/arm-none-eabi/13.3.1/../../../../arm-none-eabi/lib/thumb/v7e-m+fp/hard/libnosys.a
END GROUP
START GROUP
LOAD /opt/st/stm32cubeide_1.19.0/plugins/com.st.stm32cube.ide.mcu.externaltools.gnu-tools-for-stm32.13.3.rel1.linux64_1.0.0.202410170706/tools/bin/../lib/gcc/arm-none-eabi/13.3.1/thumb/v7e-m+fp/hard/libgcc.a
LOAD /opt/st/stm32cubeide_1.19.0/plugins/com.st.stm32cube.ide.mcu.externaltools.gnu-tools-for-stm32.13.3.rel1.linux64_1.0.0.202410170706/tools/bin/../lib/gcc/arm-none-eabi/13.3.1/../../../../arm-none-eabi/lib/thumb/v7e-m+fp/hard/libc_nano.a
LOAD /opt/st/stm32cubeide_1.19.0/plugins/com.st.stm32cube.ide.mcu.externaltools.gnu-tools-for-stm32.13.3.rel1.linux64_1.0.0.202410170706/tools/bin/../lib/gcc/arm-none-eabi/13.3.1/../../../../arm-none-eabi/lib/thumb/v7e-m+fp/hard/libnosys.a
END GROUP
LOAD /opt/st/stm32cubeide_1.19.0/plugins/com.st.stm32cube.ide.mcu.externaltools.gnu-tools-for-stm32.13.3.rel1.linux64_1.0.0.202410170706/tools/bin/../lib/gcc/arm-none-eabi/13.3.1/thumb/v7e-m+fp/hard/crtend.o
LOAD /opt/st/stm32cubeide_1.19.0/plugins/com.st.stm32cube.ide.mcu.externaltools.gnu-tools-for-stm32.13.3.rel1.linux64_1.0.0.202410170706/tools/bin/../lib/gcc/arm-none-eabi/13.3.1/thumb/v7e-m+fp/hard/crtn.o
                0x20020000                        _estack = (ORIGIN (RAM) + LENGTH (RAM))
                0x00000200                        _Min_Heap_Size = 0x200
                0x00000400                        _Min_Stack_Size = 0x400

.isr_vector     0x08000000      0x188
                0x08000000                        . = ALIGN (0x4)
 *(.isr_vector)
 .isr_vector    0x08000000      0x188 ./Core/Startup/startup_stm32f407vgtx.o
                0x08000000                g_pfnVectors
                0x08000188                        . = ALIGN (0x4)

.text           0x08000188     0x3cd0
                0x08000188                        . = ALIGN (0x4)
 *(.text)
 .text          0x08000188       0x40 /opt/st/stm32cubeide_1.19.0/plugins/com.st.stm32cube.ide.mcu.externaltools.gnu-tools-for-stm32.13.3.rel1.linux64_1.0.0.202410170706/tools/bin/../lib/gcc/arm-none-eabi/13.3.1/thumb/v7e-m+fp/hard/crtbegin.o
 .text          0x080001c8       0x30 /opt/st/stm32cubeide_1.19.0/plugins/com.st.stm32cube.ide.mcu.externaltools.gnu-tools-for-stm32.13.3.rel1.linux64_1.0.0.202410170706/tools/bin/../lib/gcc/arm-none-eabi/13.3.1/thumb/v7e-m+fp/hard/libgcc.a(_aeabi_uldivmod.o)
                0x080001c8                __aeabi_uldivmod
 .text          0x080001f8      0x2f8 /opt/st/stm32cubeide_1.19.0/plugins/com.st.stm32cube.ide.mcu.externaltools.gnu-tools-for-stm32.13.3.rel1.linux64_1.0.0.202410170706/tools/bin/../lib/gcc/arm-none-eabi/13.3.1/thumb/v7e-m+fp/hard/libgcc.a(_udivmoddi4.o)
                0x080001f8                __udivmoddi4
 .text          0x080004f0        0x4 /opt/st/stm32cubeide_1.19.0/plugins/com.st.stm32cube.ide.mcu.externaltools.gnu-tools-for-stm32.13.3.rel1.linux64_1.0.0.202410170706/tools/bin/../lib/gcc/arm-none-eabi/13.3.1/thumb/v7e-m+fp/hard/libgcc.a(_dvmd_tls.o)
                0x080004f0                __aeabi_ldiv0
                0x080004f0                __aeabi_idiv0
 *(.text*)
 .text.MX_DMA_Init
                0x080004f4       0x40 ./Core/Src/dma.o
                0x080004f4                MX_DMA_Init
 .text.MX_GPIO_Init
                0x08000534       0xf0 ./Core/Src/gpio.o
                0x08000534                MX_GPIO_Init
 .text.main     0x08000624       0x24 ./Core/Src/main.o
                0x08000624                main
 .text.SystemClock_Config
                0x08000648       0xd4 ./Core/Src/main.o
                0x08000648                SystemClock_Config
 .text.Error_Handler
                0x0800071c        0xe ./Core/Src/main.o
                0x0800071c                Error_Handler
 *fill*         0x0800072a        0x2 
 .text.HAL_MspInit
                0x0800072c       0x50 ./Core/Src/stm32f4xx_hal_msp.o
                0x0800072c                HAL_MspInit
 .text.NMI_Handler
                0x0800077c        0xe ./Core/Src/stm32f4xx_it.o
                0x0800077c                NMI_Handler
 .text.HardFault_Handler
                0x0800078a        0x8 ./Core/Src/stm32f4xx_it.o
                0x0800078a                HardFault_Handler
 .text.MemManage_Handler
                0x08000792        0x8 ./Core/Src/stm32f4xx_it.o
                0x08000792                MemManage_Handler
 .text.BusFault_Handler
                0x0800079a        0x8 ./Core/Src/stm32f4xx_it.o
                0x0800079a                BusFault_Handler
 .text.UsageFault_Handler
                0x080007a2        0x8 ./Core/Src/stm32f4xx_it.o
                0x080007a2                UsageFault_Handler
 .text.SVC_Handler
                0x080007aa        0xe ./Core/Src/stm32f4xx_it.o
                0x080007aa                SVC_Handler
 .text.DebugMon_Handler
                0x080007b8        0xe ./Core/Src/stm32f4xx_it.o
                0x080007b8                DebugMon_Handler
 .text.PendSV_Handler
                0x080007c6        0xe ./Core/Src/stm32f4xx_it.o
                0x080007c6                PendSV_Handler
 .text.SysTick_Handler
                0x080007d4        0xc ./Core/Src/stm32f4xx_it.o
                0x080007d4                SysTick_Handler
 .text.TIM2_IRQHandler
                0x080007e0       0x14 ./Core/Src/stm32f4xx_it.o
                0x080007e0                TIM2_IRQHandler
 .text.USART2_IRQHandler
                0x080007f4       0x14 ./Core/Src/stm32f4xx_it.o
                0x080007f4                USART2_IRQHandler
 .text.DMA2_Stream5_IRQHandler
                0x08000808       0x14 ./Core/Src/stm32f4xx_it.o
                0x08000808                DMA2_Stream5_IRQHandler
 .text.SystemInit
                0x0800081c       0x2c ./Core/Src/system_stm32f4xx.o
                0x0800081c                SystemInit
 .text.MX_TIM1_Init
                0x08000848       0xa0 ./Core/Src/tim.o
                0x08000848                MX_TIM1_Init
 .text.MX_TIM2_Init
                0x080008e8       0xcc ./Core/Src/tim.o
                0x080008e8                MX_TIM2_Init
 .text.HAL_TIM_Base_MspInit
                0x080009b4       0xa4 ./Core/Src/tim.o
                0x080009b4                HAL_TIM_Base_MspInit
 .text.HAL_TIM_PWM_MspInit
                0x08000a58       0x4c ./Core/Src/tim.o
                0x08000a58                HAL_TIM_PWM_MspInit
 .text.HAL_TIM_MspPostInit
                0x08000aa4       0x70 ./Core/Src/tim.o
                0x08000aa4                HAL_TIM_MspPostInit
 .text.MX_USART2_UART_Init
                0x08000b14       0x54 ./Core/Src/usart.o
                0x08000b14                MX_USART2_UART_Init
 .text.HAL_UART_MspInit
                0x08000b68       0xa0 ./Core/Src/usart.o
                0x08000b68                HAL_UART_MspInit
 .text.Reset_Handler
                0x08000c08       0x50 ./Core/Startup/startup_stm32f407vgtx.o
                0x08000c08                Reset_Handler
 .text.Default_Handler
                0x08000c58        0x2 ./Core/Startup/startup_stm32f407vgtx.o
                0x08000c58                RTC_Alarm_IRQHandler
                0x08000c58                HASH_RNG_IRQHandler
                0x08000c58                EXTI2_IRQHandler
                0x08000c58                TIM8_CC_IRQHandler
                0x08000c58                TIM1_CC_IRQHandler
                0x08000c58                DMA1_Stream5_IRQHandler
                0x08000c58                PVD_IRQHandler
                0x08000c58                SDIO_IRQHandler
                0x08000c58                TAMP_STAMP_IRQHandler
                0x08000c58                CAN2_RX1_IRQHandler
                0x08000c58                EXTI3_IRQHandler
                0x08000c58                TIM8_TRG_COM_TIM14_IRQHandler
                0x08000c58                TIM1_UP_TIM10_IRQHandler
                0x08000c58                TIM8_UP_TIM13_IRQHandler
                0x08000c58                I2C3_ER_IRQHandler
                0x08000c58                EXTI0_IRQHandler
                0x08000c58                I2C2_EV_IRQHandler
                0x08000c58                DMA1_Stream2_IRQHandler
                0x08000c58                CAN1_RX0_IRQHandler
                0x08000c58                FPU_IRQHandler
                0x08000c58                OTG_HS_WKUP_IRQHandler
                0x08000c58                CAN2_SCE_IRQHandler
                0x08000c58                DMA2_Stream2_IRQHandler
                0x08000c58                SPI1_IRQHandler
                0x08000c58                TIM6_DAC_IRQHandler
                0x08000c58                TIM1_BRK_TIM9_IRQHandler
                0x08000c58                DCMI_IRQHandler
                0x08000c58                CAN2_RX0_IRQHandler
                0x08000c58                DMA2_Stream3_IRQHandler
                0x08000c58                USART6_IRQHandler
                0x08000c58                USART3_IRQHandler
                0x08000c58                CAN1_RX1_IRQHandler
                0x08000c58                UART5_IRQHandler
                0x08000c58                DMA2_Stream0_IRQHandler
                0x08000c58                TIM4_IRQHandler
                0x08000c58                I2C1_EV_IRQHandler
                0x08000c58                DMA1_Stream6_IRQHandler
                0x08000c58                DMA1_Stream1_IRQHandler
                0x08000c58                UART4_IRQHandler
                0x08000c58                TIM3_IRQHandler
                0x08000c58                RCC_IRQHandler
                0x08000c58                TIM8_BRK_TIM12_IRQHandler
                0x08000c58                Default_Handler
                0x08000c58                EXTI15_10_IRQHandler
                0x08000c58                ADC_IRQHandler
                0x08000c58                DMA1_Stream7_IRQHandler
                0x08000c58                TIM7_IRQHandler
                0x08000c58                CAN2_TX_IRQHandler
                0x08000c58                TIM5_IRQHandler
                0x08000c58                DMA2_Stream7_IRQHandler
                0x08000c58                I2C3_EV_IRQHandler
                0x08000c58                EXTI9_5_IRQHandler
                0x08000c58                RTC_WKUP_IRQHandler
                0x08000c58                ETH_WKUP_IRQHandler
                0x08000c58                SPI2_IRQHandler
                0x08000c58                OTG_HS_EP1_IN_IRQHandler
                0x08000c58                DMA1_Stream0_IRQHandler
                0x08000c58                CAN1_TX_IRQHandler
                0x08000c58                EXTI4_IRQHandler
                0x08000c58                FSMC_IRQHandler
                0x08000c58                ETH_IRQHandler
                0x08000c58                OTG_HS_EP1_OUT_IRQHandler
                0x08000c58                WWDG_IRQHandler
                0x08000c58                OTG_FS_WKUP_IRQHandler
                0x08000c58                TIM1_TRG_COM_TIM11_IRQHandler
                0x08000c58                OTG_HS_IRQHandler
                0x08000c58                EXTI1_IRQHandler
                0x08000c58                I2C2_ER_IRQHandler
                0x08000c58                DMA2_Stream1_IRQHandler
                0x08000c58                CAN1_SCE_IRQHandler
                0x08000c58                FLASH_IRQHandler
                0x08000c58                DMA2_Stream4_IRQHandler
                0x08000c58                USART1_IRQHandler
                0x08000c58                OTG_FS_IRQHandler
                0x08000c58                SPI3_IRQHandler
                0x08000c58                DMA1_Stream4_IRQHandler
                0x08000c58                I2C1_ER_IRQHandler
                0x08000c58                DMA2_Stream6_IRQHandler
                0x08000c58                DMA1_Stream3_IRQHandler
 *fill*         0x08000c5a        0x2 
 .text.HAL_Init
                0x08000c5c       0x44 ./Drivers/STM32F4xx_HAL_Driver/Src/stm32f4xx_hal.o
                0x08000c5c                HAL_Init
 .text.HAL_InitTick
                0x08000ca0       0x60 ./Drivers/STM32F4xx_HAL_Driver/Src/stm32f4xx_hal.o
                0x08000ca0                HAL_InitTick
 .text.HAL_IncTick
                0x08000d00       0x28 ./Drivers/STM32F4xx_HAL_Driver/Src/stm32f4xx_hal.o
                0x08000d00                HAL_IncTick
 .text.HAL_GetTick
                0x08000d28       0x18 ./Drivers/STM32F4xx_HAL_Driver/Src/stm32f4xx_hal.o
                0x08000d28                HAL_GetTick
 .text.__NVIC_SetPriorityGrouping
                0x08000d40       0x48 ./Drivers/STM32F4xx_HAL_Driver/Src/stm32f4xx_hal_cortex.o
 .text.__NVIC_GetPriorityGrouping
                0x08000d88       0x1c ./Drivers/STM32F4xx_HAL_Driver/Src/stm32f4xx_hal_cortex.o
 .text.__NVIC_EnableIRQ
                0x08000da4       0x3c ./Drivers/STM32F4xx_HAL_Driver/Src/stm32f4xx_hal_cortex.o
 .text.__NVIC_SetPriority
                0x08000de0       0x54 ./Drivers/STM32F4xx_HAL_Driver/Src/stm32f4xx_hal_cortex.o
 .text.NVIC_EncodePriority
                0x08000e34       0x66 ./Drivers/STM32F4xx_HAL_Driver/Src/stm32f4xx_hal_cortex.o
 *fill*         0x08000e9a        0x2 
 .text.SysTick_Config
                0x08000e9c       0x44 ./Drivers/STM32F4xx_HAL_Driver/Src/stm32f4xx_hal_cortex.o
 .text.HAL_NVIC_SetPriorityGrouping
                0x08000ee0       0x16 ./Drivers/STM32F4xx_HAL_Driver/Src/stm32f4xx_hal_cortex.o
                0x08000ee0                HAL_NVIC_SetPriorityGrouping
 .text.HAL_NVIC_SetPriority
                0x08000ef6       0x38 ./Drivers/STM32F4xx_HAL_Driver/Src/stm32f4xx_hal_cortex.o
                0x08000ef6                HAL_NVIC_SetPriority
 .text.HAL_NVIC_EnableIRQ
                0x08000f2e       0x1c ./Drivers/STM32F4xx_HAL_Driver/Src/stm32f4xx_hal_cortex.o
                0x08000f2e                HAL_NVIC_EnableIRQ
 .text.HAL_SYSTICK_Config
                0x08000f4a       0x18 ./Drivers/STM32F4xx_HAL_Driver/Src/stm32f4xx_hal_cortex.o
                0x08000f4a                HAL_SYSTICK_Config
 *fill*         0x08000f62        0x2 
 .text.HAL_DMA_Init
                0x08000f64      0x15c ./Drivers/STM32F4xx_HAL_Driver/Src/stm32f4xx_hal_dma.o
                0x08000f64                HAL_DMA_Init
 .text.HAL_DMA_Abort_IT
                0x080010c0       0x44 ./Drivers/STM32F4xx_HAL_Driver/Src/stm32f4xx_hal_dma.o
                0x080010c0                HAL_DMA_Abort_IT
 .text.HAL_DMA_IRQHandler
                0x08001104      0x314 ./Drivers/STM32F4xx_HAL_Driver/Src/stm32f4xx_hal_dma.o
                0x08001104                HAL_DMA_IRQHandler
 .text.DMA_CalcBaseAndBitshift
                0x08001418       0x6c ./Drivers/STM32F4xx_HAL_Driver/Src/stm32f4xx_hal_dma.o
 .text.DMA_CheckFifoParam
                0x08001484       0xf8 ./Drivers/STM32F4xx_HAL_Driver/Src/stm32f4xx_hal_dma.o
 .text.HAL_GPIO_Init
                0x0800157c      0x338 ./Drivers/STM32F4xx_HAL_Driver/Src/stm32f4xx_hal_gpio.o
                0x0800157c                HAL_GPIO_Init
 .text.HAL_GPIO_WritePin
                0x080018b4       0x32 ./Drivers/STM32F4xx_HAL_Driver/Src/stm32f4xx_hal_gpio.o
                0x080018b4                HAL_GPIO_WritePin
 *fill*         0x080018e6        0x2 
 .text.HAL_RCC_OscConfig
                0x080018e8      0x4dc ./Drivers/STM32F4xx_HAL_Driver/Src/stm32f4xx_hal_rcc.o
                0x080018e8                HAL_RCC_OscConfig
 .text.HAL_RCC_ClockConfig
                0x08001dc4      0x1cc ./Drivers/STM32F4xx_HAL_Driver/Src/stm32f4xx_hal_rcc.o
                0x08001dc4                HAL_RCC_ClockConfig
 .text.HAL_RCC_GetSysClockFreq
                0x08001f90      0x20c ./Drivers/STM32F4xx_HAL_Driver/Src/stm32f4xx_hal_rcc.o
                0x08001f90                HAL_RCC_GetSysClockFreq
 .text.HAL_RCC_GetHCLKFreq
                0x0800219c       0x18 ./Drivers/STM32F4xx_HAL_Driver/Src/stm32f4xx_hal_rcc.o
                0x0800219c                HAL_RCC_GetHCLKFreq
 .text.HAL_RCC_GetPCLK1Freq
                0x080021b4       0x28 ./Drivers/STM32F4xx_HAL_Driver/Src/stm32f4xx_hal_rcc.o
                0x080021b4                HAL_RCC_GetPCLK1Freq
 .text.HAL_RCC_GetPCLK2Freq
                0x080021dc       0x28 ./Drivers/STM32F4xx_HAL_Driver/Src/stm32f4xx_hal_rcc.o
                0x080021dc                HAL_RCC_GetPCLK2Freq
 .text.HAL_TIM_Base_Init
                0x08002204       0x56 ./Drivers/STM32F4xx_HAL_Driver/Src/stm32f4xx_hal_tim.o
                0x08002204                HAL_TIM_Base_Init
 .text.HAL_TIM_PWM_Init
                0x0800225a       0x56 ./Drivers/STM32F4xx_HAL_Driver/Src/stm32f4xx_hal_tim.o
                0x0800225a                HAL_TIM_PWM_Init
 .text.HAL_TIM_IRQHandler
                0x080022b0      0x210 ./Drivers/STM32F4xx_HAL_Driver/Src/stm32f4xx_hal_tim.o
                0x080022b0                HAL_TIM_IRQHandler
 .text.HAL_TIM_PWM_ConfigChannel
                0x080024c0      0x18c ./Drivers/STM32F4xx_HAL_Driver/Src/stm32f4xx_hal_tim.o
                0x080024c0                HAL_TIM_PWM_ConfigChannel
 .text.HAL_TIM_ConfigClockSource
                0x0800264c      0x188 ./Drivers/STM32F4xx_HAL_Driver/Src/stm32f4xx_hal_tim.o
                0x0800264c                HAL_TIM_ConfigClockSource
 .text.HAL_TIM_PeriodElapsedCallback
                0x080027d4       0x14 ./Drivers/STM32F4xx_HAL_Driver/Src/stm32f4xx_hal_tim.o
                0x080027d4                HAL_TIM_PeriodElapsedCallback
 .text.HAL_TIM_OC_DelayElapsedCallback
                0x080027e8       0x14 ./Drivers/STM32F4xx_HAL_Driver/Src/stm32f4xx_hal_tim.o
                0x080027e8                HAL_TIM_OC_DelayElapsedCallback
 .text.HAL_TIM_IC_CaptureCallback
                0x080027fc       0x14 ./Drivers/STM32F4xx_HAL_Driver/Src/stm32f4xx_hal_tim.o
                0x080027fc                HAL_TIM_IC_CaptureCallback
 .text.HAL_TIM_PWM_PulseFinishedCallback
                0x08002810       0x14 ./Drivers/STM32F4xx_HAL_Driver/Src/stm32f4xx_hal_tim.o
                0x08002810                HAL_TIM_PWM_PulseFinishedCallback
 .text.HAL_TIM_TriggerCallback
                0x08002824       0x14 ./Drivers/STM32F4xx_HAL_Driver/Src/stm32f4xx_hal_tim.o
                0x08002824                HAL_TIM_TriggerCallback
 .text.TIM_Base_SetConfig
                0x08002838      0x140 ./Drivers/STM32F4xx_HAL_Driver/Src/stm32f4xx_hal_tim.o
                0x08002838                TIM_Base_SetConfig
 .text.TIM_OC1_SetConfig
                0x08002978       0xe0 ./Drivers/STM32F4xx_HAL_Driver/Src/stm32f4xx_hal_tim.o
 .text.TIM_OC2_SetConfig
                0x08002a58       0xec ./Drivers/STM32F4xx_HAL_Driver/Src/stm32f4xx_hal_tim.o
                0x08002a58                TIM_OC2_SetConfig
 .text.TIM_OC3_SetConfig
                0x08002b44       0xe8 ./Drivers/STM32F4xx_HAL_Driver/Src/stm32f4xx_hal_tim.o
 .text.TIM_OC4_SetConfig
                0x08002c2c       0xac ./Drivers/STM32F4xx_HAL_Driver/Src/stm32f4xx_hal_tim.o
 .text.TIM_TI1_ConfigInputStage
                0x08002cd8       0x5e ./Drivers/STM32F4xx_HAL_Driver/Src/stm32f4xx_hal_tim.o
 .text.TIM_TI2_ConfigInputStage
                0x08002d36       0x60 ./Drivers/STM32F4xx_HAL_Driver/Src/stm32f4xx_hal_tim.o
 .text.TIM_ITRx_SetConfig
                0x08002d96       0x36 ./Drivers/STM32F4xx_HAL_Driver/Src/stm32f4xx_hal_tim.o
 .text.TIM_ETR_SetConfig
                0x08002dcc       0x40 ./Drivers/STM32F4xx_HAL_Driver/Src/stm32f4xx_hal_tim.o
                0x08002dcc                TIM_ETR_SetConfig
 .text.HAL_TIMEx_MasterConfigSynchronization
                0x08002e0c       0xf8 ./Drivers/STM32F4xx_HAL_Driver/Src/stm32f4xx_hal_tim_ex.o
                0x08002e0c                HAL_TIMEx_MasterConfigSynchronization
 .text.HAL_TIMEx_CommutCallback
                0x08002f04       0x14 ./Drivers/STM32F4xx_HAL_Driver/Src/stm32f4xx_hal_tim_ex.o
                0x08002f04                HAL_TIMEx_CommutCallback
 .text.HAL_TIMEx_BreakCallback
                0x08002f18       0x14 ./Drivers/STM32F4xx_HAL_Driver/Src/stm32f4xx_hal_tim_ex.o
                0x08002f18                HAL_TIMEx_BreakCallback
 .text.HAL_UART_Init
                0x08002f2c       0x9a ./Drivers/STM32F4xx_HAL_Driver/Src/stm32f4xx_hal_uart.o
                0x08002f2c                HAL_UART_Init
 *fill*         0x08002fc6        0x2 
 .text.HAL_UART_IRQHandler
                0x08002fc8      0x200 ./Drivers/STM32F4xx_HAL_Driver/Src/stm32f4xx_hal_uart.o
                0x08002fc8                HAL_UART_IRQHandler
 .text.HAL_UART_TxCpltCallback
                0x080031c8       0x14 ./Drivers/STM32F4xx_HAL_Driver/Src/stm32f4xx_hal_uart.o
                0x080031c8                HAL_UART_TxCpltCallback
 .text.HAL_UART_RxCpltCallback
                0x080031dc       0x14 ./Drivers/STM32F4xx_HAL_Driver/Src/stm32f4xx_hal_uart.o
                0x080031dc                HAL_UART_RxCpltCallback
 .text.HAL_UART_ErrorCallback
                0x080031f0       0x14 ./Drivers/STM32F4xx_HAL_Driver/Src/stm32f4xx_hal_uart.o
                0x080031f0                HAL_UART_ErrorCallback
 .text.UART_EndRxTransfer
                0x08003204       0x3c ./Drivers/STM32F4xx_HAL_Driver/Src/stm32f4xx_hal_uart.o
 .text.UART_DMAAbortOnError
                0x08003240       0x28 ./Drivers/STM32F4xx_HAL_Driver/Src/stm32f4xx_hal_uart.o
 .text.UART_Transmit_IT
                0x08003268       0xac ./Drivers/STM32F4xx_HAL_Driver/Src/stm32f4xx_hal_uart.o
 .text.UART_EndTransmit_IT
                0x08003314       0x30 ./Drivers/STM32F4xx_HAL_Driver/Src/stm32f4xx_hal_uart.o
 .text.UART_Receive_IT
                0x08003344      0x102 ./Drivers/STM32F4xx_HAL_Driver/Src/stm32f4xx_hal_uart.o
 *fill*         0x08003446        0x2 
 .text.UART_SetConfig
                0x08003448      0x9a0 ./Drivers/STM32F4xx_HAL_Driver/Src/stm32f4xx_hal_uart.o
 .text.memset   0x08003de8       0x10 /opt/st/stm32cubeide_1.19.0/plugins/com.st.stm32cube.ide.mcu.externaltools.gnu-tools-for-stm32.13.3.rel1.linux64_1.0.0.202410170706/tools/bin/../lib/gcc/arm-none-eabi/13.3.1/../../../../arm-none-eabi/lib/thumb/v7e-m+fp/hard/libc_nano.a(libc_a-memset.o)
                0x08003de8                memset
 .text.__libc_init_array
                0x08003df8       0x48 /opt/st/stm32cubeide_1.19.0/plugins/com.st.stm32cube.ide.mcu.externaltools.gnu-tools-for-stm32.13.3.rel1.linux64_1.0.0.202410170706/tools/bin/../lib/gcc/arm-none-eabi/13.3.1/../../../../arm-none-eabi/lib/thumb/v7e-m+fp/hard/libc_nano.a(libc_a-init.o)
                0x08003df8                __libc_init_array
 *(.glue_7)
 .glue_7        0x08003e40        0x0 linker stubs
 *(.glue_7t)
 .glue_7t       0x08003e40        0x0 linker stubs
 *(.eh_frame)
 .eh_frame      0x08003e40        0x0 /opt/st/stm32cubeide_1.19.0/plugins/com.st.stm32cube.ide.mcu.externaltools.gnu-tools-for-stm32.13.3.rel1.linux64_1.0.0.202410170706/tools/bin/../lib/gcc/arm-none-eabi/13.3.1/thumb/v7e-m+fp/hard/crtbegin.o
 *(.init)
 .init          0x08003e40        0x4 /opt/st/stm32cubeide_1.19.0/plugins/com.st.stm32cube.ide.mcu.externaltools.gnu-tools-for-stm32.13.3.rel1.linux64_1.0.0.202410170706/tools/bin/../lib/gcc/arm-none-eabi/13.3.1/thumb/v7e-m+fp/hard/crti.o
                0x08003e40                _init
 .init          0x08003e44        0x8 /opt/st/stm32cubeide_1.19.0/plugins/com.st.stm32cube.ide.mcu.externaltools.gnu-tools-for-stm32.13.3.rel1.linux64_1.0.0.202410170706/tools/bin/../lib/gcc/arm-none-eabi/13.3.1/thumb/v7e-m+fp/hard/crtn.o
 *(.fini)
 .fini          0x08003e4c        0x4 /opt/st/stm32cubeide_1.19.0/plugins/com.st.stm32cube.ide.mcu.externaltools.gnu-tools-for-stm32.13.3.rel1.linux64_1.0.0.202410170706/tools/bin/../lib/gcc/arm-none-eabi/13.3.1/thumb/v7e-m+fp/hard/crti.o
                0x08003e4c                _fini
 .fini          0x08003e50        0x8 /opt/st/stm32cubeide_1.19.0/plugins/com.st.stm32cube.ide.mcu.externaltools.gnu-tools-for-stm32.13.3.rel1.linux64_1.0.0.202410170706/tools/bin/../lib/gcc/arm-none-eabi/13.3.1/thumb/v7e-m+fp/hard/crtn.o
                0x08003e58                        . = ALIGN (0x4)
                0x08003e58                        _etext = .

.vfp11_veneer   0x08003e58        0x0
 .vfp11_veneer  0x08003e58        0x0 linker stubs

.v4_bx          0x08003e58        0x0
 .v4_bx         0x08003e58        0x0 linker stubs

.iplt           0x08003e58        0x0
 .iplt          0x08003e58        0x0 /opt/st/stm32cubeide_1.19.0/plugins/com.st.stm32cube.ide.mcu.externaltools.gnu-tools-for-stm32.13.3.rel1.linux64_1.0.0.202410170706/tools/bin/../lib/gcc/arm-none-eabi/13.3.1/thumb/v7e-m+fp/hard/crtbegin.o

.rodata         0x08003e58       0x20
                0x08003e58                        . = ALIGN (0x4)
 *(.rodata)
 *(.rodata*)
 .rodata.AHBPrescTable
                0x08003e58       0x10 ./Core/Src/system_stm32f4xx.o
                0x08003e58                AHBPrescTable
 .rodata.APBPrescTable
                0x08003e68        0x8 ./Core/Src/system_stm32f4xx.o
                0x08003e68                APBPrescTable
 .rodata.flagBitshiftOffset.0
                0x08003e70        0x8 ./Drivers/STM32F4xx_HAL_Driver/Src/stm32f4xx_hal_dma.o
                0x08003e78                        . = ALIGN (0x4)

.ARM.extab      0x08003e78        0x0
                0x08003e78                        . = ALIGN (0x4)
 *(.ARM.extab* .gnu.linkonce.armextab.*)
                0x08003e78                        . = ALIGN (0x4)

.ARM            0x08003e78        0x8
                0x08003e78                        . = ALIGN (0x4)
                0x08003e78                        __exidx_start = .
 *(.ARM.exidx*)
 .ARM.exidx     0x08003e78        0x8 /opt/st/stm32cubeide_1.19.0/plugins/com.st.stm32cube.ide.mcu.externaltools.gnu-tools-for-stm32.13.3.rel1.linux64_1.0.0.202410170706/tools/bin/../lib/gcc/arm-none-eabi/13.3.1/thumb/v7e-m+fp/hard/libgcc.a(_udivmoddi4.o)
                0x08003e80                        __exidx_end = .
                0x08003e80                        . = ALIGN (0x4)

.preinit_array  0x08003e80        0x0
                0x08003e80                        . = ALIGN (0x4)
                0x08003e80                        PROVIDE (__preinit_array_start = .)
 *(.preinit_array*)
                0x08003e80                        PROVIDE (__preinit_array_end = .)
                0x08003e80                        . = ALIGN (0x4)

.init_array     0x08003e80        0x4
                0x08003e80                        . = ALIGN (0x4)
                0x08003e80                        PROVIDE (__init_array_start = .)
 *(SORT_BY_NAME(.init_array.*))
 *(.init_array*)
 .init_array    0x08003e80        0x4 /opt/st/stm32cubeide_1.19.0/plugins/com.st.stm32cube.ide.mcu.externaltools.gnu-tools-for-stm32.13.3.rel1.linux64_1.0.0.202410170706/tools/bin/../lib/gcc/arm-none-eabi/13.3.1/thumb/v7e-m+fp/hard/crtbegin.o
                0x08003e84                        PROVIDE (__init_array_end = .)
                0x08003e84                        . = ALIGN (0x4)

.fini_array     0x08003e84        0x4
                0x08003e84                        . = ALIGN (0x4)
                [!provide]                        PROVIDE (__fini_array_start = .)
 *(SORT_BY_NAME(.fini_array.*))
 *(.fini_array*)
 .fini_array    0x08003e84        0x4 /opt/st/stm32cubeide_1.19.0/plugins/com.st.stm32cube.ide.mcu.externaltools.gnu-tools-for-stm32.13.3.rel1.linux64_1.0.0.202410170706/tools/bin/../lib/gcc/arm-none-eabi/13.3.1/thumb/v7e-m+fp/hard/crtbegin.o
                [!provide]                        PROVIDE (__fini_array_end = .)
                0x08003e88                        . = ALIGN (0x4)
                0x08003e88                        _sidata = LOADADDR (.data)

.rel.dyn        0x08003e88        0x0
 .rel.iplt      0x08003e88        0x0 /opt/st/stm32cubeide_1.19.0/plugins/com.st.stm32cube.ide.mcu.externaltools.gnu-tools-for-stm32.13.3.rel1.linux64_1.0.0.202410170706/tools/bin/../lib/gcc/arm-none-eabi/13.3.1/thumb/v7e-m+fp/hard/crtbegin.o

.data           0x20000000        0xc load address 0x08003e88
                0x20000000                        . = ALIGN (0x4)
                0x20000000                        _sdata = .
 *(.data)
 *(.data*)
 .data.SystemCoreClock
                0x20000000        0x4 ./Core/Src/system_stm32f4xx.o
                0x20000000                SystemCoreClock
 .data.uwTickPrio
                0x20000004        0x4 ./Drivers/STM32F4xx_HAL_Driver/Src/stm32f4xx_hal.o
                0x20000004                uwTickPrio
 .data.uwTickFreq
                0x20000008        0x1 ./Drivers/STM32F4xx_HAL_Driver/Src/stm32f4xx_hal.o
                0x20000008                uwTickFreq
 *(.RamFunc)
 *(.RamFunc*)
                0x2000000c                        . = ALIGN (0x4)
 *fill*         0x20000009        0x3 
                0x2000000c                        _edata = .
                0x08003e94                        _siccmram = LOADADDR (.ccmram)

.igot.plt       0x2000000c        0x0 load address 0x08003e94
 .igot.plt      0x2000000c        0x0 /opt/st/stm32cubeide_1.19.0/plugins/com.st.stm32cube.ide.mcu.externaltools.gnu-tools-for-stm32.13.3.rel1.linux64_1.0.0.202410170706/tools/bin/../lib/gcc/arm-none-eabi/13.3.1/thumb/v7e-m+fp/hard/crtbegin.o

.ccmram         0x10000000        0x0 load address 0x08003e94
                0x10000000                        . = ALIGN (0x4)
                0x10000000                        _sccmram = .
 *(.ccmram)
 *(.ccmram*)
                0x10000000                        . = ALIGN (0x4)
                0x10000000                        _eccmram = .
                0x10000000                        . = ALIGN (0x4)

.bss            0x2000000c      0x140
                0x2000000c                        _sbss = .
                0x2000000c                        __bss_start__ = _sbss
 *(.bss)
 .bss           0x2000000c       0x1c /opt/st/stm32cubeide_1.19.0/plugins/com.st.stm32cube.ide.mcu.externaltools.gnu-tools-for-stm32.13.3.rel1.linux64_1.0.0.202410170706/tools/bin/../lib/gcc/arm-none-eabi/13.3.1/thumb/v7e-m+fp/hard/crtbegin.o
 *(.bss*)
 .bss.htim1     0x20000028       0x40 ./Core/Src/tim.o
                0x20000028                htim1
 .bss.htim2     0x20000068       0x40 ./Core/Src/tim.o
                0x20000068                htim2
 .bss.hdma_tim1_up
                0x200000a8       0x60 ./Core/Src/tim.o
                0x200000a8                hdma_tim1_up
 .bss.huart2    0x20000108       0x40 ./Core/Src/usart.o
                0x20000108                huart2
 .bss.uwTick    0x20000148        0x4 ./Drivers/STM32F4xx_HAL_Driver/Src/stm32f4xx_hal.o
                0x20000148                uwTick
 *(COMMON)
                0x2000014c                        . = ALIGN (0x4)
                0x2000014c                        _ebss = .
                0x2000014c                        __bss_end__ = _ebss

._user_heap_stack
                0x2000014c      0x604
                0x20000150                        . = ALIGN (0x8)
 *fill*         0x2000014c        0x4 
                [!provide]                        PROVIDE (end = .)
                0x20000150                        PROVIDE (_end = .)
                0x20000350                        . = (. + _Min_Heap_Size)
 *fill*         0x20000150      0x200 
                0x20000750                        . = (. + _Min_Stack_Size)
 *fill*         0x20000350      0x400 
                0x20000750                        . = ALIGN (0x8)

/DISCARD/
 libc.a(*)
 libm.a(*)
 libgcc.a(*)

.ARM.attributes
                0x00000000       0x30
 *(.ARM.attributes)
 .ARM.attributes
                0x00000000       0x22 /opt/st/stm32cubeide_1.19.0/plugins/com.st.stm32cube.ide.mcu.externaltools.gnu-tools-for-stm32.13.3.rel1.linux64_1.0.0.202410170706/tools/bin/../lib/gcc/arm-none-eabi/13.3.1/thumb/v7e-m+fp/hard/crti.o
 .ARM.attributes
                0x00000022       0x34 /opt/st/stm32cubeide_1.19.0/plugins/com.st.stm32cube.ide.mcu.externaltools.gnu-tools-for-stm32.13.3.rel1.linux64_1.0.0.202410170706/tools/bin/../lib/gcc/arm-none-eabi/13.3.1/thumb/v7e-m+fp/hard/crtbegin.o
 .ARM.attributes
                0x00000056       0x34 ./Core/Src/dma.o
 .ARM.attributes
                0x0000008a       0x34 ./Core/Src/gpio.o
 .ARM.attributes
                0x000000be       0x34 ./Core/Src/main.o
 .ARM.attributes
                0x000000f2       0x34 ./Core/Src/stm32f4xx_hal_msp.o
 .ARM.attributes
                0x00000126       0x34 ./Core/Src/stm32f4xx_it.o
 .ARM.attributes
                0x0000015a       0x34 ./Core/Src/system_stm32f4xx.o
 .ARM.attributes
                0x0000018e       0x34 ./Core/Src/tim.o
 .ARM.attributes
                0x000001c2       0x34 ./Core/Src/usart.o
 .ARM.attributes
                0x000001f6       0x21 ./Core/Startup/startup_stm32f407vgtx.o
 .ARM.attributes
                0x00000217       0x34 ./Drivers/STM32F4xx_HAL_Driver/Src/stm32f4xx_hal.o
 .ARM.attributes
                0x0000024b       0x34 ./Drivers/STM32F4xx_HAL_Driver/Src/stm32f4xx_hal_cortex.o
 .ARM.attributes
                0x0000027f       0x34 ./Drivers/STM32F4xx_HAL_Driver/Src/stm32f4xx_hal_dma.o
 .ARM.attributes
                0x000002b3       0x34 ./Drivers/STM32F4xx_HAL_Driver/Src/stm32f4xx_hal_gpio.o
 .ARM.attributes
                0x000002e7       0x34 ./Drivers/STM32F4xx_HAL_Driver/Src/stm32f4xx_hal_rcc.o
 .ARM.attributes
                0x0000031b       0x34 ./Drivers/STM32F4xx_HAL_Driver/Src/stm32f4xx_hal_tim.o
 .ARM.attributes
                0x0000034f       0x34 ./Drivers/STM32F4xx_HAL_Driver/Src/stm32f4xx_hal_tim_ex.o
 .ARM.attributes
                0x00000383       0x34 ./Drivers/STM32F4xx_HAL_Driver/Src/stm32f4xx_hal_uart.o
 .ARM.attributes
                0x000003b7       0x34 /opt/st/stm32cubeide_1.19.0/plugins/com.st.stm32cube.ide.mcu.externaltools.gnu-tools-for-stm32.13.3.rel1.linux64_1.0.0.202410170706/tools/bin/../lib/gcc/arm-none-eabi/13.3.1/../../../../arm-none-eabi/lib/thumb/v7e-m+fp/hard/libc_nano.a(libc_a-memset.o)
 .ARM.attributes
                0x000003eb       0x34 /opt/st/stm32cubeide_1.19.0/plugins/com.st.stm32cube.ide.mcu.externaltools.gnu-tools-for-stm32.13.3.rel1.linux64_1.0.0.202410170706/tools/bin/../lib/gcc/arm-none-eabi/13.3.1/../../../../arm-none-eabi/lib/thumb/v7e-m+fp/hard/libc_nano.a(libc_a-init.o)
 .ARM.attributes
                0x0000041f       0x22 /opt/st/stm32cubeide_1.19.0/plugins/com.st.stm32cube.ide.mcu.externaltools.gnu-tools-for-stm32.13.3.rel1.linux64_1.0.0.202410170706/tools/bin/../lib/gcc/arm-none-eabi/13.3.1/thumb/v7e-m+fp/hard/libgcc.a(_aeabi_uldivmod.o)
 .ARM.attributes
                0x00000441       0x34 /opt/st/stm32cubeide_1.19.0/plugins/com.st.stm32cube.ide.mcu.externaltools.gnu-tools-for-stm32.13.3.rel1.linux64_1.0.0.202410170706/tools/bin/../lib/gcc/arm-none-eabi/13.3.1/thumb/v7e-m+fp/hard/libgcc.a(_udivmoddi4.o)
 .ARM.attributes
                0x00000475       0x22 /opt/st/stm32cubeide_1.19.0/plugins/com.st.stm32cube.ide.mcu.externaltools.gnu-tools-for-stm32.13.3.rel1.linux64_1.0.0.202410170706/tools/bin/../lib/gcc/arm-none-eabi/13.3.1/thumb/v7e-m+fp/hard/libgcc.a(_dvmd_tls.o)
 .ARM.attributes
                0x00000497       0x22 /opt/st/stm32cubeide_1.19.0/plugins/com.st.stm32cube.ide.mcu.externaltools.gnu-tools-for-stm32.13.3.rel1.linux64_1.0.0.202410170706/tools/bin/../lib/gcc/arm-none-eabi/13.3.1/thumb/v7e-m+fp/hard/crtn.o
OUTPUT(swont_ide.elf elf32-littlearm)
LOAD linker stubs
LOAD /opt/st/stm32cubeide_1.19.0/plugins/com.st.stm32cube.ide.mcu.externaltools.gnu-tools-for-stm32.13.3.rel1.linux64_1.0.0.202410170706/tools/bin/../lib/gcc/arm-none-eabi/13.3.1/../../../../arm-none-eabi/lib/thumb/v7e-m+fp/hard/libc.a
LOAD /opt/st/stm32cubeide_1.19.0/plugins/com.st.stm32cube.ide.mcu.externaltools.gnu-tools-for-stm32.13.3.rel1.linux64_1.0.0.202410170706/tools/bin/../lib/gcc/arm-none-eabi/13.3.1/../../../../arm-none-eabi/lib/thumb/v7e-m+fp/hard/libm.a
LOAD /opt/st/stm32cubeide_1.19.0/plugins/com.st.stm32cube.ide.mcu.externaltools.gnu-tools-for-stm32.13.3.rel1.linux64_1.0.0.202410170706/tools/bin/../lib/gcc/arm-none-eabi/13.3.1/thumb/v7e-m+fp/hard/libgcc.a

.debug_info     0x00000000     0xae4d
 .debug_info    0x00000000      0x4ad ./Core/Src/dma.o
 .debug_info    0x000004ad      0x409 ./Core/Src/gpio.o
 .debug_info    0x000008b6      0x4a8 ./Core/Src/main.o
 .debug_info    0x00000d5e      0x269 ./Core/Src/stm32f4xx_hal_msp.o
 .debug_info    0x00000fc7      0x8d8 ./Core/Src/stm32f4xx_it.o
 .debug_info    0x0000189f      0x512 ./Core/Src/system_stm32f4xx.o
 .debug_info    0x00001db1      0xe79 ./Core/Src/tim.o
 .debug_info    0x00002c2a      0xb47 ./Core/Src/usart.o
 .debug_info    0x00003771       0x30 ./Core/Startup/startup_stm32f407vgtx.o
 .debug_info    0x000037a1      0x948 ./Drivers/STM32F4xx_HAL_Driver/Src/stm32f4xx_hal.o
 .debug_info    0x000040e9      0xd46 ./Drivers/STM32F4xx_HAL_Driver/Src/stm32f4xx_hal_cortex.o
 .debug_info    0x00004e2f      0x8e7 ./Drivers/STM32F4xx_HAL_Driver/Src/stm32f4xx_hal_dma.o
 .debug_info    0x00005716      0x6b4 ./Drivers/STM32F4xx_HAL_Driver/Src/stm32f4xx_hal_gpio.o
 .debug_info    0x00005dca      0x8b1 ./Drivers/STM32F4xx_HAL_Driver/Src/stm32f4xx_hal_rcc.o
 .debug_info    0x0000667b     0x2447 ./Drivers/STM32F4xx_HAL_Driver/Src/stm32f4xx_hal_tim.o
 .debug_info    0x00008ac2     0x118e ./Drivers/STM32F4xx_HAL_Driver/Src/stm32f4xx_hal_tim_ex.o
 .debug_info    0x00009c50     0x11fd ./Drivers/STM32F4xx_HAL_Driver/Src/stm32f4xx_hal_uart.o

.debug_abbrev   0x00000000     0x1f7d
 .debug_abbrev  0x00000000      0x10e ./Core/Src/dma.o
 .debug_abbrev  0x0000010e      0x152 ./Core/Src/gpio.o
 .debug_abbrev  0x00000260      0x1b3 ./Core/Src/main.o
 .debug_abbrev  0x00000413       0xd8 ./Core/Src/stm32f4xx_hal_msp.o
 .debug_abbrev  0x000004eb      0x194 ./Core/Src/stm32f4xx_it.o
 .debug_abbrev  0x0000067f      0x11a ./Core/Src/system_stm32f4xx.o
 .debug_abbrev  0x00000799      0x22d ./Core/Src/tim.o
 .debug_abbrev  0x000009c6      0x211 ./Core/Src/usart.o
 .debug_abbrev  0x00000bd7       0x24 ./Core/Startup/startup_stm32f407vgtx.o
 .debug_abbrev  0x00000bfb      0x213 ./Drivers/STM32F4xx_HAL_Driver/Src/stm32f4xx_hal.o
 .debug_abbrev  0x00000e0e      0x327 ./Drivers/STM32F4xx_HAL_Driver/Src/stm32f4xx_hal_cortex.o
 .debug_abbrev  0x00001135      0x264 ./Drivers/STM32F4xx_HAL_Driver/Src/stm32f4xx_hal_dma.o
 .debug_abbrev  0x00001399      0x1d4 ./Drivers/STM32F4xx_HAL_Driver/Src/stm32f4xx_hal_gpio.o
 .debug_abbrev  0x0000156d      0x2b6 ./Drivers/STM32F4xx_HAL_Driver/Src/stm32f4xx_hal_rcc.o
 .debug_abbrev  0x00001823      0x271 ./Drivers/STM32F4xx_HAL_Driver/Src/stm32f4xx_hal_tim.o
 .debug_abbrev  0x00001a94      0x261 ./Drivers/STM32F4xx_HAL_Driver/Src/stm32f4xx_hal_tim_ex.o
 .debug_abbrev  0x00001cf5      0x288 ./Drivers/STM32F4xx_HAL_Driver/Src/stm32f4xx_hal_uart.o

.debug_aranges  0x00000000      0xc18
 .debug_aranges
                0x00000000       0x20 ./Core/Src/dma.o
 .debug_aranges
                0x00000020       0x20 ./Core/Src/gpio.o
 .debug_aranges
                0x00000040       0x30 ./Core/Src/main.o
 .debug_aranges
                0x00000070       0x20 ./Core/Src/stm32f4xx_hal_msp.o
 .debug_aranges
                0x00000090       0x78 ./Core/Src/stm32f4xx_it.o
 .debug_aranges
                0x00000108       0x28 ./Core/Src/system_stm32f4xx.o
 .debug_aranges
                0x00000130       0x50 ./Core/Src/tim.o
 .debug_aranges
                0x00000180       0x30 ./Core/Src/usart.o
 .debug_aranges
                0x000001b0       0x28 ./Core/Startup/startup_stm32f407vgtx.o
 .debug_aranges
                0x000001d8       0xf0 ./Drivers/STM32F4xx_HAL_Driver/Src/stm32f4xx_hal.o
 .debug_aranges
                0x000002c8      0x118 ./Drivers/STM32F4xx_HAL_Driver/Src/stm32f4xx_hal_cortex.o
 .debug_aranges
                0x000003e0       0x90 ./Drivers/STM32F4xx_HAL_Driver/Src/stm32f4xx_hal_dma.o
 .debug_aranges
                0x00000470       0x58 ./Drivers/STM32F4xx_HAL_Driver/Src/stm32f4xx_hal_gpio.o
 .debug_aranges
                0x000004c8       0x88 ./Drivers/STM32F4xx_HAL_Driver/Src/stm32f4xx_hal_rcc.o
 .debug_aranges
                0x00000550      0x3a8 ./Drivers/STM32F4xx_HAL_Driver/Src/stm32f4xx_hal_tim.o
 .debug_aranges
                0x000008f8      0x150 ./Drivers/STM32F4xx_HAL_Driver/Src/stm32f4xx_hal_tim_ex.o
 .debug_aranges
                0x00000a48      0x1d0 ./Drivers/STM32F4xx_HAL_Driver/Src/stm32f4xx_hal_uart.o

.debug_rnglists
                0x00000000      0x92e
 .debug_rnglists
                0x00000000       0x13 ./Core/Src/dma.o
 .debug_rnglists
                0x00000013       0x14 ./Core/Src/gpio.o
 .debug_rnglists
                0x00000027       0x20 ./Core/Src/main.o
 .debug_rnglists
                0x00000047       0x13 ./Core/Src/stm32f4xx_hal_msp.o
 .debug_rnglists
                0x0000005a       0x55 ./Core/Src/stm32f4xx_it.o
 .debug_rnglists
                0x000000af       0x1a ./Core/Src/system_stm32f4xx.o
 .debug_rnglists
                0x000000c9       0x3a ./Core/Src/tim.o
 .debug_rnglists
                0x00000103       0x20 ./Core/Src/usart.o
 .debug_rnglists
                0x00000123       0x19 ./Core/Startup/startup_stm32f407vgtx.o
 .debug_rnglists
                0x0000013c       0xaf ./Drivers/STM32F4xx_HAL_Driver/Src/stm32f4xx_hal.o
 .debug_rnglists
                0x000001eb       0xce ./Drivers/STM32F4xx_HAL_Driver/Src/stm32f4xx_hal_cortex.o
 .debug_rnglists
                0x000002b9       0x70 ./Drivers/STM32F4xx_HAL_Driver/Src/stm32f4xx_hal_dma.o
 .debug_rnglists
                0x00000329       0x3f ./Drivers/STM32F4xx_HAL_Driver/Src/stm32f4xx_hal_gpio.o
 .debug_rnglists
                0x00000368       0x66 ./Drivers/STM32F4xx_HAL_Driver/Src/stm32f4xx_hal_rcc.o
 .debug_rnglists
                0x000003ce      0x2e6 ./Drivers/STM32F4xx_HAL_Driver/Src/stm32f4xx_hal_tim.o
 .debug_rnglists
                0x000006b4      0x10a ./Drivers/STM32F4xx_HAL_Driver/Src/stm32f4xx_hal_tim_ex.o
 .debug_rnglists
                0x000007be      0x170 ./Drivers/STM32F4xx_HAL_Driver/Src/stm32f4xx_hal_uart.o

.debug_macro    0x00000000    0x20935
 .debug_macro   0x00000000      0x1e7 ./Core/Src/dma.o
 .debug_macro   0x000001e7      0xad8 ./Core/Src/dma.o
 .debug_macro   0x00000cbf      0x294 ./Core/Src/dma.o
 .debug_macro   0x00000f53       0x2e ./Core/Src/dma.o
 .debug_macro   0x00000f81       0x2f ./Core/Src/dma.o
 .debug_macro   0x00000fb0       0x22 ./Core/Src/dma.o
 .debug_macro   0x00000fd2       0x8e ./Core/Src/dma.o
 .debug_macro   0x00001060       0x51 ./Core/Src/dma.o
 .debug_macro   0x000010b1      0x103 ./Core/Src/dma.o
 .debug_macro   0x000011b4       0x6a ./Core/Src/dma.o
 .debug_macro   0x0000121e      0x1df ./Core/Src/dma.o
 .debug_macro   0x000013fd       0x1c ./Core/Src/dma.o
 .debug_macro   0x00001419       0x22 ./Core/Src/dma.o
 .debug_macro   0x0000143b       0xd9 ./Core/Src/dma.o
 .debug_macro   0x00001514     0x102d ./Core/Src/dma.o
 .debug_macro   0x00002541      0x11f ./Core/Src/dma.o
 .debug_macro   0x00002660    0x15e3c ./Core/Src/dma.o
 .debug_macro   0x0001849c       0x43 ./Core/Src/dma.o
 .debug_macro   0x000184df     0x3659 ./Core/Src/dma.o
 .debug_macro   0x0001bb38      0x190 ./Core/Src/dma.o
 .debug_macro   0x0001bcc8       0x5a ./Core/Src/dma.o
 .debug_macro   0x0001bd22      0x96b ./Core/Src/dma.o
 .debug_macro   0x0001c68d      0x9fe ./Core/Src/dma.o
 .debug_macro   0x0001d08b      0x117 ./Core/Src/dma.o
 .debug_macro   0x0001d1a2      0x13e ./Core/Src/dma.o
 .debug_macro   0x0001d2e0       0x27 ./Core/Src/dma.o
 .debug_macro   0x0001d307      0x174 ./Core/Src/dma.o
 .debug_macro   0x0001d47b      0x287 ./Core/Src/dma.o
 .debug_macro   0x0001d702       0x5f ./Core/Src/dma.o
 .debug_macro   0x0001d761      0x236 ./Core/Src/dma.o
 .debug_macro   0x0001d997      0x12c ./Core/Src/dma.o
 .debug_macro   0x0001dac3      0x21e ./Core/Src/dma.o
 .debug_macro   0x0001dce1       0x2e ./Core/Src/dma.o
 .debug_macro   0x0001dd0f      0x11a ./Core/Src/dma.o
 .debug_macro   0x0001de29       0x7e ./Core/Src/dma.o
 .debug_macro   0x0001dea7       0x89 ./Core/Src/dma.o
 .debug_macro   0x0001df30      0x8a0 ./Core/Src/dma.o
 .debug_macro   0x0001e7d0       0x47 ./Core/Src/dma.o
 .debug_macro   0x0001e817      0x287 ./Core/Src/dma.o
 .debug_macro   0x0001ea9e      0x12d ./Core/Src/dma.o
 .debug_macro   0x0001ebcb       0x7c ./Core/Src/dma.o
 .debug_macro   0x0001ec47      0x1e7 ./Core/Src/gpio.o
 .debug_macro   0x0001ee2e      0x208 ./Core/Src/main.o
 .debug_macro   0x0001f036       0x34 ./Core/Src/main.o
 .debug_macro   0x0001f06a      0x1dd ./Core/Src/stm32f4xx_hal_msp.o
 .debug_macro   0x0001f247      0x1e7 ./Core/Src/stm32f4xx_it.o
 .debug_macro   0x0001f42e      0x1d4 ./Core/Src/system_stm32f4xx.o
 .debug_macro   0x0001f602      0x1ec ./Core/Src/tim.o
 .debug_macro   0x0001f7ee       0x2e ./Core/Src/tim.o
 .debug_macro   0x0001f81c      0x1e7 ./Core/Src/usart.o
 .debug_macro   0x0001fa03      0x22e ./Drivers/STM32F4xx_HAL_Driver/Src/stm32f4xx_hal.o
 .debug_macro   0x0001fc31      0x1ce ./Drivers/STM32F4xx_HAL_Driver/Src/stm32f4xx_hal_cortex.o
 .debug_macro   0x0001fdff      0x1d4 ./Drivers/STM32F4xx_HAL_Driver/Src/stm32f4xx_hal_dma.o
 .debug_macro   0x0001ffd3      0x204 ./Drivers/STM32F4xx_HAL_Driver/Src/stm32f4xx_hal_gpio.o
 .debug_macro   0x000201d7      0x1f2 ./Drivers/STM32F4xx_HAL_Driver/Src/stm32f4xx_hal_rcc.o
 .debug_macro   0x000203c9      0x1cf ./Drivers/STM32F4xx_HAL_Driver/Src/stm32f4xx_hal_tim.o
 .debug_macro   0x00020598      0x1ce ./Drivers/STM32F4xx_HAL_Driver/Src/stm32f4xx_hal_tim_ex.o
 .debug_macro   0x00020766      0x1cf ./Drivers/STM32F4xx_HAL_Driver/Src/stm32f4xx_hal_uart.o

.debug_line     0x00000000     0xc630
 .debug_line    0x00000000      0x687 ./Core/Src/dma.o
 .debug_line    0x00000687      0x6a9 ./Core/Src/gpio.o
 .debug_line    0x00000d30      0x714 ./Core/Src/main.o
 .debug_line    0x00001444      0x68c ./Core/Src/stm32f4xx_hal_msp.o
 .debug_line    0x00001ad0      0x780 ./Core/Src/stm32f4xx_it.o
 .debug_line    0x00002250      0x716 ./Core/Src/system_stm32f4xx.o
 .debug_line    0x00002966      0x80e ./Core/Src/tim.o
 .debug_line    0x00003174      0x6fa ./Core/Src/usart.o
 .debug_line    0x0000386e       0x77 ./Core/Startup/startup_stm32f407vgtx.o
 .debug_line    0x000038e5      0x97d ./Drivers/STM32F4xx_HAL_Driver/Src/stm32f4xx_hal.o
 .debug_line    0x00004262      0xc08 ./Drivers/STM32F4xx_HAL_Driver/Src/stm32f4xx_hal_cortex.o
 .debug_line    0x00004e6a      0xef0 ./Drivers/STM32F4xx_HAL_Driver/Src/stm32f4xx_hal_dma.o
 .debug_line    0x00005d5a      0xaed ./Drivers/STM32F4xx_HAL_Driver/Src/stm32f4xx_hal_gpio.o
 .debug_line    0x00006847      0xd5d ./Drivers/STM32F4xx_HAL_Driver/Src/stm32f4xx_hal_rcc.o
 .debug_line    0x000075a4     0x2958 ./Drivers/STM32F4xx_HAL_Driver/Src/stm32f4xx_hal_tim.o
 .debug_line    0x00009efc     0x110e ./Drivers/STM32F4xx_HAL_Driver/Src/stm32f4xx_hal_tim_ex.o
 .debug_line    0x0000b00a     0x1626 ./Drivers/STM32F4xx_HAL_Driver/Src/stm32f4xx_hal_uart.o

.debug_str      0x00000000    0xc5d45
 .debug_str     0x00000000    0xc5d45 ./Core/Src/dma.o
                              0xc2bbd (size before relaxing)
 .debug_str     0x000c5d45    0xc276b ./Core/Src/gpio.o
 .debug_str     0x000c5d45    0xc294e ./Core/Src/main.o
 .debug_str     0x000c5d45    0xc26a2 ./Core/Src/stm32f4xx_hal_msp.o
 .debug_str     0x000c5d45    0xc2cbf ./Core/Src/stm32f4xx_it.o
 .debug_str     0x000c5d45    0xc2561 ./Core/Src/system_stm32f4xx.o
 .debug_str     0x000c5d45    0xc33cf ./Core/Src/tim.o
 .debug_str     0x000c5d45    0xc310f ./Core/Src/usart.o
 .debug_str     0x000c5d45       0x7d ./Core/Startup/startup_stm32f407vgtx.o
 .debug_str     0x000c5d45    0xc30d0 ./Drivers/STM32F4xx_HAL_Driver/Src/stm32f4xx_hal.o
 .debug_str     0x000c5d45    0xc2e03 ./Drivers/STM32F4xx_HAL_Driver/Src/stm32f4xx_hal_cortex.o
 .debug_str     0x000c5d45    0xc2966 ./Drivers/STM32F4xx_HAL_Driver/Src/stm32f4xx_hal_dma.o
 .debug_str     0x000c5d45    0xc2774 ./Drivers/STM32F4xx_HAL_Driver/Src/stm32f4xx_hal_gpio.o
 .debug_str     0x000c5d45    0xc2980 ./Drivers/STM32F4xx_HAL_Driver/Src/stm32f4xx_hal_rcc.o
 .debug_str     0x000c5d45    0xc36b8 ./Drivers/STM32F4xx_HAL_Driver/Src/stm32f4xx_hal_tim.o
 .debug_str     0x000c5d45    0xc2f01 ./Drivers/STM32F4xx_HAL_Driver/Src/stm32f4xx_hal_tim_ex.o
 .debug_str     0x000c5d45    0xc2df8 ./Drivers/STM32F4xx_HAL_Driver/Src/stm32f4xx_hal_uart.o

.comment        0x00000000       0x43
 .comment       0x00000000       0x43 ./Core/Src/dma.o
                                 0x44 (size before relaxing)
 .comment       0x00000043       0x44 ./Core/Src/gpio.o
 .comment       0x00000043       0x44 ./Core/Src/main.o
 .comment       0x00000043       0x44 ./Core/Src/stm32f4xx_hal_msp.o
 .comment       0x00000043       0x44 ./Core/Src/stm32f4xx_it.o
 .comment       0x00000043       0x44 ./Core/Src/system_stm32f4xx.o
 .comment       0x00000043       0x44 ./Core/Src/tim.o
 .comment       0x00000043       0x44 ./Core/Src/usart.o
 .comment       0x00000043       0x44 ./Drivers/STM32F4xx_HAL_Driver/Src/stm32f4xx_hal.o
 .comment       0x00000043       0x44 ./Drivers/STM32F4xx_HAL_Driver/Src/stm32f4xx_hal_cortex.o
 .comment       0x00000043       0x44 ./Drivers/STM32F4xx_HAL_Driver/Src/stm32f4xx_hal_dma.o
 .comment       0x00000043       0x44 ./Drivers/STM32F4xx_HAL_Driver/Src/stm32f4xx_hal_gpio.o
 .comment       0x00000043       0x44 ./Drivers/STM32F4xx_HAL_Driver/Src/stm32f4xx_hal_rcc.o
 .comment       0x00000043       0x44 ./Drivers/STM32F4xx_HAL_Driver/Src/stm32f4xx_hal_tim.o
 .comment       0x00000043       0x44 ./Drivers/STM32F4xx_HAL_Driver/Src/stm32f4xx_hal_tim_ex.o
 .comment       0x00000043       0x44 ./Drivers/STM32F4xx_HAL_Driver/Src/stm32f4xx_hal_uart.o

.debug_frame    0x00000000     0x3184
 .debug_frame   0x00000000       0x34 ./Core/Src/dma.o
 .debug_frame   0x00000034       0x34 ./Core/Src/gpio.o
 .debug_frame   0x00000068       0x70 ./Core/Src/main.o
 .debug_frame   0x000000d8       0x38 ./Core/Src/stm32f4xx_hal_msp.o
 .debug_frame   0x00000110      0x160 ./Core/Src/stm32f4xx_it.o
 .debug_frame   0x00000270       0x58 ./Core/Src/system_stm32f4xx.o
 .debug_frame   0x000002c8      0x10c ./Core/Src/tim.o
 .debug_frame   0x000003d4       0x74 ./Core/Src/usart.o
 .debug_frame   0x00000448      0x374 ./Drivers/STM32F4xx_HAL_Driver/Src/stm32f4xx_hal.o
 .debug_frame   0x000007bc      0x498 ./Drivers/STM32F4xx_HAL_Driver/Src/stm32f4xx_hal_cortex.o
 .debug_frame   0x00000c54      0x250 ./Drivers/STM32F4xx_HAL_Driver/Src/stm32f4xx_hal_dma.o
 .debug_frame   0x00000ea4      0x14c ./Drivers/STM32F4xx_HAL_Driver/Src/stm32f4xx_hal_gpio.o
 .debug_frame   0x00000ff0      0x1f4 ./Drivers/STM32F4xx_HAL_Driver/Src/stm32f4xx_hal_rcc.o
 .debug_frame   0x000011e4     0x10f0 ./Drivers/STM32F4xx_HAL_Driver/Src/stm32f4xx_hal_tim.o
 .debug_frame   0x000022d4      0x5c0 ./Drivers/STM32F4xx_HAL_Driver/Src/stm32f4xx_hal_tim_ex.o
 .debug_frame   0x00002894      0x844 ./Drivers/STM32F4xx_HAL_Driver/Src/stm32f4xx_hal_uart.o
 .debug_frame   0x000030d8       0x20 /opt/st/stm32cubeide_1.19.0/plugins/com.st.stm32cube.ide.mcu.externaltools.gnu-tools-for-stm32.13.3.rel1.linux64_1.0.0.202410170706/tools/bin/../lib/gcc/arm-none-eabi/13.3.1/../../../../arm-none-eabi/lib/thumb/v7e-m+fp/hard/libc_nano.a(libc_a-memset.o)
 .debug_frame   0x000030f8       0x2c /opt/st/stm32cubeide_1.19.0/plugins/com.st.stm32cube.ide.mcu.externaltools.gnu-tools-for-stm32.13.3.rel1.linux64_1.0.0.202410170706/tools/bin/../lib/gcc/arm-none-eabi/13.3.1/../../../../arm-none-eabi/lib/thumb/v7e-m+fp/hard/libc_nano.a(libc_a-init.o)
 .debug_frame   0x00003124       0x2c /opt/st/stm32cubeide_1.19.0/plugins/com.st.stm32cube.ide.mcu.externaltools.gnu-tools-for-stm32.13.3.rel1.linux64_1.0.0.202410170706/tools/bin/../lib/gcc/arm-none-eabi/13.3.1/thumb/v7e-m+fp/hard/libgcc.a(_aeabi_uldivmod.o)
 .debug_frame   0x00003150       0x34 /opt/st/stm32cubeide_1.19.0/plugins/com.st.stm32cube.ide.mcu.externaltools.gnu-tools-for-stm32.13.3.rel1.linux64_1.0.0.202410170706/tools/bin/../lib/gcc/arm-none-eabi/13.3.1/thumb/v7e-m+fp/hard/libgcc.a(_udivmoddi4.o)

.debug_line_str
                0x00000000       0x61
 .debug_line_str
                0x00000000       0x61 ./Core/Startup/startup_stm32f407vgtx.o
