Archive member included to satisfy reference by file (symbol)

/opt/st/stm32cubeclt_1.19.0/GNU-tools-for-STM32/bin/../lib/gcc/arm-none-eabi/13.3.1/../../../../arm-none-eabi/lib/thumb/v7e-m+fp/hard/libc_nano.a(libc_a-exit.o)
                              /opt/st/stm32cubeclt_1.19.0/GNU-tools-for-STM32/bin/../lib/gcc/arm-none-eabi/13.3.1/../../../../arm-none-eabi/lib/thumb/v7e-m+fp/hard/crt0.o (exit)
/opt/st/stm32cubeclt_1.19.0/GNU-tools-for-STM32/bin/../lib/gcc/arm-none-eabi/13.3.1/../../../../arm-none-eabi/lib/thumb/v7e-m+fp/hard/libc_nano.a(libc_a-findfp.o)
                              /opt/st/stm32cubeclt_1.19.0/GNU-tools-for-STM32/bin/../lib/gcc/arm-none-eabi/13.3.1/../../../../arm-none-eabi/lib/thumb/v7e-m+fp/hard/libc_nano.a(libc_a-exit.o) (__stdio_exit_handler)
/opt/st/stm32cubeclt_1.19.0/GNU-tools-for-STM32/bin/../lib/gcc/arm-none-eabi/13.3.1/../../../../arm-none-eabi/lib/thumb/v7e-m+fp/hard/libc_nano.a(libc_a-fwalk.o)
                              /opt/st/stm32cubeclt_1.19.0/GNU-tools-for-STM32/bin/../lib/gcc/arm-none-eabi/13.3.1/../../../../arm-none-eabi/lib/thumb/v7e-m+fp/hard/libc_nano.a(libc_a-findfp.o) (_fwalk_sglue)
/opt/st/stm32cubeclt_1.19.0/GNU-tools-for-STM32/bin/../lib/gcc/arm-none-eabi/13.3.1/../../../../arm-none-eabi/lib/thumb/v7e-m+fp/hard/libc_nano.a(libc_a-stdio.o)
                              /opt/st/stm32cubeclt_1.19.0/GNU-tools-for-STM32/bin/../lib/gcc/arm-none-eabi/13.3.1/../../../../arm-none-eabi/lib/thumb/v7e-m+fp/hard/libc_nano.a(libc_a-findfp.o) (__sread)
/opt/st/stm32cubeclt_1.19.0/GNU-tools-for-STM32/bin/../lib/gcc/arm-none-eabi/13.3.1/../../../../arm-none-eabi/lib/thumb/v7e-m+fp/hard/libc_nano.a(libc_a-memset.o)
                              /opt/st/stm32cubeclt_1.19.0/GNU-tools-for-STM32/bin/../lib/gcc/arm-none-eabi/13.3.1/../../../../arm-none-eabi/lib/thumb/v7e-m+fp/hard/crt0.o (memset)
/opt/st/stm32cubeclt_1.19.0/GNU-tools-for-STM32/bin/../lib/gcc/arm-none-eabi/13.3.1/../../../../arm-none-eabi/lib/thumb/v7e-m+fp/hard/libc_nano.a(libc_a-closer.o)
                              /opt/st/stm32cubeclt_1.19.0/GNU-tools-for-STM32/bin/../lib/gcc/arm-none-eabi/13.3.1/../../../../arm-none-eabi/lib/thumb/v7e-m+fp/hard/libc_nano.a(libc_a-stdio.o) (_close_r)
/opt/st/stm32cubeclt_1.19.0/GNU-tools-for-STM32/bin/../lib/gcc/arm-none-eabi/13.3.1/../../../../arm-none-eabi/lib/thumb/v7e-m+fp/hard/libc_nano.a(libc_a-reent.o)
                              /opt/st/stm32cubeclt_1.19.0/GNU-tools-for-STM32/bin/../lib/gcc/arm-none-eabi/13.3.1/../../../../arm-none-eabi/lib/thumb/v7e-m+fp/hard/libc_nano.a(libc_a-closer.o) (errno)
/opt/st/stm32cubeclt_1.19.0/GNU-tools-for-STM32/bin/../lib/gcc/arm-none-eabi/13.3.1/../../../../arm-none-eabi/lib/thumb/v7e-m+fp/hard/libc_nano.a(libc_a-impure.o)
                              /opt/st/stm32cubeclt_1.19.0/GNU-tools-for-STM32/bin/../lib/gcc/arm-none-eabi/13.3.1/../../../../arm-none-eabi/lib/thumb/v7e-m+fp/hard/libc_nano.a(libc_a-reent.o) (_impure_ptr)
/opt/st/stm32cubeclt_1.19.0/GNU-tools-for-STM32/bin/../lib/gcc/arm-none-eabi/13.3.1/../../../../arm-none-eabi/lib/thumb/v7e-m+fp/hard/libc_nano.a(libc_a-lseekr.o)
                              /opt/st/stm32cubeclt_1.19.0/GNU-tools-for-STM32/bin/../lib/gcc/arm-none-eabi/13.3.1/../../../../arm-none-eabi/lib/thumb/v7e-m+fp/hard/libc_nano.a(libc_a-stdio.o) (_lseek_r)
/opt/st/stm32cubeclt_1.19.0/GNU-tools-for-STM32/bin/../lib/gcc/arm-none-eabi/13.3.1/../../../../arm-none-eabi/lib/thumb/v7e-m+fp/hard/libc_nano.a(libc_a-readr.o)
                              /opt/st/stm32cubeclt_1.19.0/GNU-tools-for-STM32/bin/../lib/gcc/arm-none-eabi/13.3.1/../../../../arm-none-eabi/lib/thumb/v7e-m+fp/hard/libc_nano.a(libc_a-stdio.o) (_read_r)
/opt/st/stm32cubeclt_1.19.0/GNU-tools-for-STM32/bin/../lib/gcc/arm-none-eabi/13.3.1/../../../../arm-none-eabi/lib/thumb/v7e-m+fp/hard/libc_nano.a(libc_a-writer.o)
                              /opt/st/stm32cubeclt_1.19.0/GNU-tools-for-STM32/bin/../lib/gcc/arm-none-eabi/13.3.1/../../../../arm-none-eabi/lib/thumb/v7e-m+fp/hard/libc_nano.a(libc_a-stdio.o) (_write_r)
/opt/st/stm32cubeclt_1.19.0/GNU-tools-for-STM32/bin/../lib/gcc/arm-none-eabi/13.3.1/../../../../arm-none-eabi/lib/thumb/v7e-m+fp/hard/libc_nano.a(libc_a-init.o)
                              /opt/st/stm32cubeclt_1.19.0/GNU-tools-for-STM32/bin/../lib/gcc/arm-none-eabi/13.3.1/../../../../arm-none-eabi/lib/thumb/v7e-m+fp/hard/crt0.o (__libc_init_array)
/opt/st/stm32cubeclt_1.19.0/GNU-tools-for-STM32/bin/../lib/gcc/arm-none-eabi/13.3.1/../../../../arm-none-eabi/lib/thumb/v7e-m+fp/hard/libc_nano.a(libc_a-lock.o)
                              /opt/st/stm32cubeclt_1.19.0/GNU-tools-for-STM32/bin/../lib/gcc/arm-none-eabi/13.3.1/../../../../arm-none-eabi/lib/thumb/v7e-m+fp/hard/libc_nano.a(libc_a-findfp.o) (__retarget_lock_init_recursive)
/opt/st/stm32cubeclt_1.19.0/GNU-tools-for-STM32/bin/../lib/gcc/arm-none-eabi/13.3.1/../../../../arm-none-eabi/lib/thumb/v7e-m+fp/hard/libc_nano.a(libc_a-freer.o)
[...]
Memory Configuration

Name             Origin             Length             Attributes
CCMRAM           0x10000000         0x00010000         xrw
RAM              0x20000000         0x00020000         xrw
FLASH            0x08000000         0x00100000         xr
*default*        0x00000000         0xffffffff

Linker script and memory map

LOAD /opt/st/stm32cubeclt_1.19.0/GNU-tools-for-STM32/bin/../lib/gcc/arm-none-eabi/13.3.1/thumb/v7e-m+fp/hard/crti.o
LOAD /opt/st/stm32cubeclt_1.19.0/GNU-tools-for-STM32/bin/../lib/gcc/arm-none-eabi/13.3.1/thumb/v7e-m+fp/hard/crtbegin.o
LOAD /opt/st/stm32cubeclt_1.19.0/GNU-tools-for-STM32/bin/../lib/gcc/arm-none-eabi/13.3.1/../../../../arm-none-eabi/lib/thumb/v7e-m+fp/hard/crt0.o
LOAD ./Core/Src/front_layer.o
LOAD ./Core/Src/io_layer.o
LOAD ./Core/Src/logic_layer.o
LOAD ./Core/Src/main.o
LOAD ./Core/Src/misc.o
LOAD ./Core/Src/startup_stm32f4xx.o
LOAD ./Core/Src/stm32_ub_vga_screen.o
LOAD ./Core/Src/stm32f4xx_dma.o
LOAD ./Core/Src/stm32f4xx_gpio.o
LOAD ./Core/Src/stm32f4xx_rcc.o
LOAD ./Core/Src/stm32f4xx_tim.o
LOAD ./Core/Src/system_stm32f4xx.o
LOAD ./Core/Startup/startup_stm32f407vgtx.o
LOAD ./Drivers/STM32F4xx_HAL_Driver/Src/stm32f4xx_hal.o
LOAD ./Drivers/STM32F4xx_HAL_Driver/Src/stm32f4xx_hal_cortex.o
LOAD ./Drivers/STM32F4xx_HAL_Driver/Src/stm32f4xx_hal_dma.o
LOAD ./Drivers/STM32F4xx_HAL_Driver/Src/stm32f4xx_hal_dma_ex.o
LOAD ./Drivers/STM32F4xx_HAL_Driver/Src/stm32f4xx_hal_exti.o
LOAD ./Drivers/STM32F4xx_HAL_Driver/Src/stm32f4xx_hal_flash.o
LOAD ./Drivers/STM32F4xx_HAL_Driver/Src/stm32f4xx_hal_flash_ex.o
LOAD ./Drivers/STM32F4xx_HAL_Driver/Src/stm32f4xx_hal_flash_ramfunc.o
LOAD ./Drivers/STM32F4xx_HAL_Driver/Src/stm32f4xx_hal_gpio.o
LOAD ./Drivers/STM32F4xx_HAL_Driver/Src/stm32f4xx_hal_pwr.o
LOAD ./Drivers/STM32F4xx_HAL_Driver/Src/stm32f4xx_hal_pwr_ex.o
LOAD ./Drivers/STM32F4xx_HAL_Driver/Src/stm32f4xx_hal_rcc.o
LOAD ./Drivers/STM32F4xx_HAL_Driver/Src/stm32f4xx_hal_rcc_ex.o
LOAD ./Drivers/STM32F4xx_HAL_Driver/Src/stm32f4xx_hal_tim.o
LOAD ./Drivers/STM32F4xx_HAL_Driver/Src/stm32f4xx_hal_tim_ex.o
START GROUP
LOAD /opt/st/stm32cubeclt_1.19.0/GNU-tools-for-STM32/bin/../lib/gcc/arm-none-eabi/13.3.1/../../../../arm-none-eabi/lib/thumb/v7e-m+fp/hard/libc_nano.a
LOAD /opt/st/stm32cubeclt_1.19.0/GNU-tools-for-STM32/bin/../lib/gcc/arm-none-eabi/13.3.1/../../../../arm-none-eabi/lib/thumb/v7e-m+fp/hard/libm.a
END GROUP
START GROUP
LOAD /opt/st/stm32cubeclt_1.19.0/GNU-tools-for-STM32/bin/../lib/gcc/arm-none-eabi/13.3.1/thumb/v7e-m+fp/hard/libgcc.a
LOAD /opt/st/stm32cubeclt_1.19.0/GNU-tools-for-STM32/bin/../lib/gcc/arm-none-eabi/13.3.1/../../../../arm-none-eabi/lib/thumb/v7e-m+fp/hard/libc_nano.a
END GROUP
START GROUP
LOAD /opt/st/stm32cubeclt_1.19.0/GNU-tools-for-STM32/bin/../lib/gcc/arm-none-eabi/13.3.1/thumb/v7e-m+fp/hard/libgcc.a
LOAD /opt/st/stm32cubeclt_1.19.0/GNU-tools-for-STM32/bin/../lib/gcc/arm-none-eabi/13.3.1/../../../../arm-none-eabi/lib/thumb/v7e-m+fp/hard/libc_nano.a
LOAD /opt/st/stm32cubeclt_1.19.0/GNU-tools-for-STM32/bin/../lib/gcc/arm-none-eabi/13.3.1/../../../../arm-none-eabi/lib/thumb/v7e-m+fp/hard/libnosys.a
END GROUP
START GROUP
LOAD /opt/st/stm32cubeclt_1.19.0/GNU-tools-for-STM32/bin/../lib/gcc/arm-none-eabi/13.3.1/thumb/v7e-m+fp/hard/libgcc.a
LOAD /opt/st/stm32cubeclt_1.19.0/GNU-tools-for-STM32/bin/../lib/gcc/arm-none-eabi/13.3.1/../../../../arm-none-eabi/lib/thumb/v7e-m+fp/hard/libc_nano.a
LOAD /opt/st/stm32cubeclt_1.19.0/GNU-tools-for-STM32/bin/../lib/gcc/arm-none-eabi/13.3.1/../../../../arm-none-eabi/lib/thumb/v7e-m+fp/hard/libnosys.a
END GROUP
LOAD /opt/st/stm32cubeclt_1.19.0/GNU-tools-for-STM32/bin/../lib/gcc/arm-none-eabi/13.3.1/thumb/v7e-m+fp/hard/crtend.o
LOAD /opt/st/stm32cubeclt_1.19.0/GNU-tools-for-STM32/bin/../lib/gcc/arm-none-eabi/13.3.1/thumb/v7e-m+fp/hard/crtn.o
                0x20020000                        _estack = (ORIGIN (RAM) + LENGTH (RAM))
                0x00000200                        _Min_Heap_Size = 0x200
                0x00000400                        _Min_Stack_Size = 0x400

.isr_vector     0x08000000      0x188
                0x08000000                        . = ALIGN (0x4)
 *(.isr_vector)
 .isr_vector    0x08000000      0x188 ./Core/Startup/startup_stm32f407vgtx.o
                0x08000000                g_pfnVectors
                0x08000188                        . = ALIGN (0x4)

.text           0x08000188     0x1580
                0x08000188                        . = ALIGN (0x4)
 *(.text)
 .text          0x08000188       0x40 /opt/st/stm32cubeclt_1.19.0/GNU-tools-for-STM32/bin/../lib/gcc/arm-none-eabi/13.3.1/thumb/v7e-m+fp/hard/crtbegin.o
 *(.text*)
 .text.rectangleToVGA
                0x080001c8      0x138 ./Core/Src/logic_layer.o
                0x080001c8                rectangleToVGA
 .text.lineToVGA
                0x08000300      0x114 ./Core/Src/logic_layer.o
                0x08000300                lineToVGA
 .text.main     0x08000414       0xd4 ./Core/Src/main.o
                0x08000414                main
 .text.NVIC_Init
                0x080004e8       0xc4 ./Core/Src/misc.o
                0x080004e8                NVIC_Init
 .text.UB_VGA_Screen_Init
                0x080005ac       0x80 ./Core/Src/stm32_ub_vga_screen.o
                0x080005ac                UB_VGA_Screen_Init
 .text.UB_VGA_FillScreen
                0x0800062c       0x46 ./Core/Src/stm32_ub_vga_screen.o
                0x0800062c                UB_VGA_FillScreen
 *fill*         0x08000672        0x2 
 .text.UB_VGA_SetPixel
                0x08000674       0x50 ./Core/Src/stm32_ub_vga_screen.o
                0x08000674                UB_VGA_SetPixel
 .text.P_VGA_InitIO
                0x080006c4       0xa8 ./Core/Src/stm32_ub_vga_screen.o
                0x080006c4                P_VGA_InitIO
 .text.P_VGA_InitTIM
                0x0800076c       0xc8 ./Core/Src/stm32_ub_vga_screen.o
                0x0800076c                P_VGA_InitTIM
 .text.P_VGA_InitINT
                0x08000834       0x58 ./Core/Src/stm32_ub_vga_screen.o
                0x08000834                P_VGA_InitINT
 .text.P_VGA_InitDMA
                0x0800088c       0x90 ./Core/Src/stm32_ub_vga_screen.o
                0x0800088c                P_VGA_InitDMA
 .text.TIM2_IRQHandler
                0x0800091c       0xbc ./Core/Src/stm32_ub_vga_screen.o
                0x0800091c                TIM2_IRQHandler
 .text.DMA2_Stream5_IRQHandler
                0x080009d8       0x4c ./Core/Src/stm32_ub_vga_screen.o
                0x080009d8                DMA2_Stream5_IRQHandler
 .text.DMA_DeInit
                0x08000a24      0x1a8 ./Core/Src/stm32f4xx_dma.o
                0x08000a24                DMA_DeInit
 .text.DMA_Init
                0x08000bcc       0xb0 ./Core/Src/stm32f4xx_dma.o
                0x08000bcc                DMA_Init
 .text.DMA_Cmd  0x08000c7c       0x38 ./Core/Src/stm32f4xx_dma.o
                0x08000c7c                DMA_Cmd
 .text.DMA_ITConfig
                0x08000cb4       0x74 ./Core/Src/stm32f4xx_dma.o
                0x08000cb4                DMA_ITConfig
 .text.DMA_GetITStatus
                0x08000d28       0xb0 ./Core/Src/stm32f4xx_dma.o
                0x08000d28                DMA_GetITStatus
 .text.DMA_ClearITPendingBit
                0x08000dd8       0x5c ./Core/Src/stm32f4xx_dma.o
                0x08000dd8                DMA_ClearITPendingBit
 .text.GPIO_Init
                0x08000e34      0x11e ./Core/Src/stm32f4xx_gpio.o
                0x08000e34                GPIO_Init
 .text.GPIO_PinAFConfig
                0x08000f52       0x92 ./Core/Src/stm32f4xx_gpio.o
                0x08000f52                GPIO_PinAFConfig
 .text.RCC_AHB1PeriphClockCmd
                0x08000fe4       0x40 ./Core/Src/stm32f4xx_rcc.o
                0x08000fe4                RCC_AHB1PeriphClockCmd
 .text.RCC_APB1PeriphClockCmd
                0x08001024       0x40 ./Core/Src/stm32f4xx_rcc.o
                0x08001024                RCC_APB1PeriphClockCmd
 .text.RCC_APB2PeriphClockCmd
                0x08001064       0x40 ./Core/Src/stm32f4xx_rcc.o
                0x08001064                RCC_APB2PeriphClockCmd
 .text.TIM_TimeBaseInit
                0x080010a4       0xd8 ./Core/Src/stm32f4xx_tim.o
                0x080010a4                TIM_TimeBaseInit
 .text.TIM_ARRPreloadConfig
                0x0800117c       0x40 ./Core/Src/stm32f4xx_tim.o
                0x0800117c                TIM_ARRPreloadConfig
 .text.TIM_Cmd  0x080011bc       0x40 ./Core/Src/stm32f4xx_tim.o
                0x080011bc                TIM_Cmd
 .text.TIM_OC3Init
                0x080011fc      0x10c ./Core/Src/stm32f4xx_tim.o
                0x080011fc                TIM_OC3Init
 .text.TIM_OC4Init
                0x08001308       0xd0 ./Core/Src/stm32f4xx_tim.o
                0x08001308                TIM_OC4Init
 .text.TIM_OC3PreloadConfig
                0x080013d8       0x38 ./Core/Src/stm32f4xx_tim.o
                0x080013d8                TIM_OC3PreloadConfig
 .text.TIM_OC4PreloadConfig
                0x08001410       0x3c ./Core/Src/stm32f4xx_tim.o
                0x08001410                TIM_OC4PreloadConfig
 .text.TIM_ITConfig
                0x0800144c       0x48 ./Core/Src/stm32f4xx_tim.o
                0x0800144c                TIM_ITConfig
 .text.TIM_ClearITPendingBit
                0x08001494       0x22 ./Core/Src/stm32f4xx_tim.o
                0x08001494                TIM_ClearITPendingBit
 .text.TIM_DMACmd
                0x080014b6       0x48 ./Core/Src/stm32f4xx_tim.o
                0x080014b6                TIM_DMACmd
 *fill*         0x080014fe        0x2 
 .text.SystemInit
                0x08001500       0x5c ./Core/Src/system_stm32f4xx.o
                0x08001500                SystemInit
 .text.SetSysClock
                0x0800155c       0xf8 ./Core/Src/system_stm32f4xx.o
 .text.Reset_Handler
                0x08001654       0x50 ./Core/Startup/startup_stm32f407vgtx.o
                0x08001654                Reset_Handler
 .text.Default_Handler
                0x080016a4        0x2 ./Core/Startup/startup_stm32f407vgtx.o
                0x080016a4                RTC_Alarm_IRQHandler
                0x080016a4                HASH_RNG_IRQHandler
                0x080016a4                EXTI2_IRQHandler
                0x080016a4                TIM8_CC_IRQHandler
                0x080016a4                DebugMon_Handler
                0x080016a4                TIM1_CC_IRQHandler
                0x080016a4                HardFault_Handler
                0x080016a4                DMA1_Stream5_IRQHandler
                0x080016a4                SysTick_Handler
                0x080016a4                PVD_IRQHandler
                0x080016a4                SDIO_IRQHandler
                0x080016a4                TAMP_STAMP_IRQHandler
                0x080016a4                PendSV_Handler
                0x080016a4                NMI_Handler
                0x080016a4                CAN2_RX1_IRQHandler
                0x080016a4                EXTI3_IRQHandler
                0x080016a4                TIM8_TRG_COM_TIM14_IRQHandler
                0x080016a4                TIM1_UP_TIM10_IRQHandler
                0x080016a4                TIM8_UP_TIM13_IRQHandler
                0x080016a4                I2C3_ER_IRQHandler
                0x080016a4                EXTI0_IRQHandler
                0x080016a4                I2C2_EV_IRQHandler
                0x080016a4                DMA1_Stream2_IRQHandler
                0x080016a4                CAN1_RX0_IRQHandler
                0x080016a4                FPU_IRQHandler
                0x080016a4                OTG_HS_WKUP_IRQHandler
                0x080016a4                UsageFault_Handler
                0x080016a4                CAN2_SCE_IRQHandler
                0x080016a4                DMA2_Stream2_IRQHandler
                0x080016a4                SPI1_IRQHandler
                0x080016a4                TIM6_DAC_IRQHandler
                0x080016a4                TIM1_BRK_TIM9_IRQHandler
                0x080016a4                DCMI_IRQHandler
                0x080016a4                CAN2_RX0_IRQHandler
                0x080016a4                DMA2_Stream3_IRQHandler
                0x080016a4                USART6_IRQHandler
                0x080016a4                USART3_IRQHandler
                0x080016a4                CAN1_RX1_IRQHandler
                0x080016a4                UART5_IRQHandler
                0x080016a4                DMA2_Stream0_IRQHandler
                0x080016a4                TIM4_IRQHandler
                0x080016a4                I2C1_EV_IRQHandler
                0x080016a4                DMA1_Stream6_IRQHandler
                0x080016a4                DMA1_Stream1_IRQHandler
                0x080016a4                UART4_IRQHandler
                0x080016a4                TIM3_IRQHandler
                0x080016a4                RCC_IRQHandler
                0x080016a4                TIM8_BRK_TIM12_IRQHandler
                0x080016a4                Default_Handler
                0x080016a4                EXTI15_10_IRQHandler
                0x080016a4                ADC_IRQHandler
                0x080016a4                DMA1_Stream7_IRQHandler
                0x080016a4                TIM7_IRQHandler
                0x080016a4                CAN2_TX_IRQHandler
                0x080016a4                TIM5_IRQHandler
                0x080016a4                DMA2_Stream7_IRQHandler
                0x080016a4                I2C3_EV_IRQHandler
                0x080016a4                EXTI9_5_IRQHandler
                0x080016a4                RTC_WKUP_IRQHandler
                0x080016a4                ETH_WKUP_IRQHandler
                0x080016a4                SPI2_IRQHandler
                0x080016a4                OTG_HS_EP1_IN_IRQHandler
                0x080016a4                MemManage_Handler
                0x080016a4                DMA1_Stream0_IRQHandler
                0x080016a4                CAN1_TX_IRQHandler
                0x080016a4                SVC_Handler
                0x080016a4                EXTI4_IRQHandler
                0x080016a4                FSMC_IRQHandler
                0x080016a4                ETH_IRQHandler
                0x080016a4                OTG_HS_EP1_OUT_IRQHandler
                0x080016a4                WWDG_IRQHandler
                0x080016a4                OTG_FS_WKUP_IRQHandler
                0x080016a4                TIM1_TRG_COM_TIM11_IRQHandler
                0x080016a4                OTG_HS_IRQHandler
                0x080016a4                EXTI1_IRQHandler
                0x080016a4                USART2_IRQHandler
                0x080016a4                I2C2_ER_IRQHandler
                0x080016a4                DMA2_Stream1_IRQHandler
                0x080016a4                CAN1_SCE_IRQHandler
                0x080016a4                FLASH_IRQHandler
                0x080016a4                DMA2_Stream4_IRQHandler
                0x080016a4                BusFault_Handler
                0x080016a4                USART1_IRQHandler
                0x080016a4                OTG_FS_IRQHandler
                0x080016a4                SPI3_IRQHandler
                0x080016a4                DMA1_Stream4_IRQHandler
                0x080016a4                I2C1_ER_IRQHandler
                0x080016a4                DMA2_Stream6_IRQHandler
                0x080016a4                DMA1_Stream3_IRQHandler
 *fill*         0x080016a6        0x2 
 .text.__libc_init_array
                0x080016a8       0x48 /opt/st/stm32cubeclt_1.19.0/GNU-tools-for-STM32/bin/../lib/gcc/arm-none-eabi/13.3.1/../../../../arm-none-eabi/lib/thumb/v7e-m+fp/hard/libc_nano.a(libc_a-init.o)
                0x080016a8                __libc_init_array
 *(.glue_7)
 .glue_7        0x080016f0        0x0 linker stubs
 *(.glue_7t)
 .glue_7t       0x080016f0        0x0 linker stubs
 *(.eh_frame)
 .eh_frame      0x080016f0        0x0 /opt/st/stm32cubeclt_1.19.0/GNU-tools-for-STM32/bin/../lib/gcc/arm-none-eabi/13.3.1/thumb/v7e-m+fp/hard/crtbegin.o
 *(.init)
 .init          0x080016f0        0x4 /opt/st/stm32cubeclt_1.19.0/GNU-tools-for-STM32/bin/../lib/gcc/arm-none-eabi/13.3.1/thumb/v7e-m+fp/hard/crti.o
                0x080016f0                _init
 .init          0x080016f4        0x8 /opt/st/stm32cubeclt_1.19.0/GNU-tools-for-STM32/bin/../lib/gcc/arm-none-eabi/13.3.1/thumb/v7e-m+fp/hard/crtn.o
 *(.fini)
 .fini          0x080016fc        0x4 /opt/st/stm32cubeclt_1.19.0/GNU-tools-for-STM32/bin/../lib/gcc/arm-none-eabi/13.3.1/thumb/v7e-m+fp/hard/crti.o
                0x080016fc                _fini
 .fini          0x08001700        0x8 /opt/st/stm32cubeclt_1.19.0/GNU-tools-for-STM32/bin/../lib/gcc/arm-none-eabi/13.3.1/thumb/v7e-m+fp/hard/crtn.o
                0x08001708                        . = ALIGN (0x4)
                0x08001708                        _etext = .

.vfp11_veneer   0x08001708        0x0
 .vfp11_veneer  0x08001708        0x0 linker stubs

.v4_bx          0x08001708        0x0
 .v4_bx         0x08001708        0x0 linker stubs

.iplt           0x08001708        0x0
 .iplt          0x08001708        0x0 /opt/st/stm32cubeclt_1.19.0/GNU-tools-for-STM32/bin/../lib/gcc/arm-none-eabi/13.3.1/thumb/v7e-m+fp/hard/crtbegin.o

.rodata         0x08001708       0x30
                0x08001708                        . = ALIGN (0x4)
 *(.rodata)
 .rodata        0x08001708       0x30 ./Core/Src/main.o
 *(.rodata*)
                0x08001738                        . = ALIGN (0x4)

.rel.dyn        0x08001738        0x0
 .rel.iplt      0x08001738        0x0 /opt/st/stm32cubeclt_1.19.0/GNU-tools-for-STM32/bin/../lib/gcc/arm-none-eabi/13.3.1/thumb/v7e-m+fp/hard/crtbegin.o

.ARM.extab      0x08001738        0x0
                0x08001738                        . = ALIGN (0x4)
 *(.ARM.extab* .gnu.linkonce.armextab.*)
                0x08001738                        . = ALIGN (0x4)

.ARM            0x08001738        0x0
                0x08001738                        . = ALIGN (0x4)
                0x08001738                        __exidx_start = .
 *(.ARM.exidx*)
                0x08001738                        __exidx_end = .
                0x08001738                        . = ALIGN (0x4)

.preinit_array  0x08001738        0x0
                0x08001738                        . = ALIGN (0x4)
                0x08001738                        PROVIDE (__preinit_array_start = .)
 *(.preinit_array*)
                0x08001738                        PROVIDE (__preinit_array_end = .)
                0x08001738                        . = ALIGN (0x4)

.init_array     0x08001738        0x4
                0x08001738                        . = ALIGN (0x4)
                0x08001738                        PROVIDE (__init_array_start = .)
 *(SORT_BY_NAME(.init_array.*))
 *(.init_array*)
 .init_array    0x08001738        0x4 /opt/st/stm32cubeclt_1.19.0/GNU-tools-for-STM32/bin/../lib/gcc/arm-none-eabi/13.3.1/thumb/v7e-m+fp/hard/crtbegin.o
                0x0800173c                        PROVIDE (__init_array_end = .)
                0x0800173c                        . = ALIGN (0x4)

.fini_array     0x0800173c        0x4
                0x0800173c                        . = ALIGN (0x4)
                [!provide]                        PROVIDE (__fini_array_start = .)
 *(SORT_BY_NAME(.fini_array.*))
 *(.fini_array*)
 .fini_array    0x0800173c        0x4 /opt/st/stm32cubeclt_1.19.0/GNU-tools-for-STM32/bin/../lib/gcc/arm-none-eabi/13.3.1/thumb/v7e-m+fp/hard/crtbegin.o
                [!provide]                        PROVIDE (__fini_array_end = .)
                0x08001740                        . = ALIGN (0x4)
                0x08001740                        _sidata = LOADADDR (.data)

.data           0x20000000        0x0 load address 0x08001740
                0x20000000                        . = ALIGN (0x4)
                0x20000000                        _sdata = .
 *(.data)
 *(.data*)
                0x20000000                        . = ALIGN (0x4)
                0x20000000                        _edata = .

.igot.plt       0x20000000        0x0 load address 0x08001740
 .igot.plt      0x20000000        0x0 /opt/st/stm32cubeclt_1.19.0/GNU-tools-for-STM32/bin/../lib/gcc/arm-none-eabi/13.3.1/thumb/v7e-m+fp/hard/crtbegin.o
                0x20000000                        . = ALIGN (0x4)

.bss            0x20000000    0x12d18 load address 0x08001740
                0x20000000                        _sbss = .
                0x20000000                        __bss_start__ = _sbss
 *(.bss)
 .bss           0x20000000       0x1c /opt/st/stm32cubeclt_1.19.0/GNU-tools-for-STM32/bin/../lib/gcc/arm-none-eabi/13.3.1/thumb/v7e-m+fp/hard/crtbegin.o
 *(.bss*)
 .bss.VGA       0x2000001c        0xc ./Core/Src/stm32_ub_vga_screen.o
                0x2000001c                VGA
 .bss.VGA_RAM1  0x20000028    0x12cf0 ./Core/Src/stm32_ub_vga_screen.o
                0x20000028                VGA_RAM1
 *(COMMON)
                0x20012d18                        . = ALIGN (0x4)
                0x20012d18                        _ebss = .
                0x20012d18                        __bss_end__ = _ebss

._user_heap_stack
                0x20012d18      0x600 load address 0x08001740
                0x20012d18                        . = ALIGN (0x8)
                0x20012d18                        PROVIDE (end = .)
                [!provide]                        PROVIDE (_end = .)
                0x20012f18                        . = (. + _Min_Heap_Size)
 *fill*         0x20012d18      0x200 
                0x20013318                        . = (. + _Min_Stack_Size)
 *fill*         0x20012f18      0x400 
                0x20013318                        . = ALIGN (0x8)

/DISCARD/
 libc.a(*)
 libm.a(*)
 libgcc.a(*)

.ARM.attributes
                0x00000000       0x30
 *(.ARM.attributes)
 .ARM.attributes
                0x00000000       0x22 /opt/st/stm32cubeclt_1.19.0/GNU-tools-for-STM32/bin/../lib/gcc/arm-none-eabi/13.3.1/thumb/v7e-m+fp/hard/crti.o
 .ARM.attributes
                0x00000022       0x34 /opt/st/stm32cubeclt_1.19.0/GNU-tools-for-STM32/bin/../lib/gcc/arm-none-eabi/13.3.1/thumb/v7e-m+fp/hard/crtbegin.o
 .ARM.attributes
                0x00000056       0x34 ./Core/Src/logic_layer.o
 .ARM.attributes
                0x0000008a       0x34 ./Core/Src/main.o
 .ARM.attributes
                0x000000be       0x34 ./Core/Src/misc.o
 .ARM.attributes
                0x000000f2       0x34 ./Core/Src/stm32_ub_vga_screen.o
 .ARM.attributes
                0x00000126       0x34 ./Core/Src/stm32f4xx_dma.o
 .ARM.attributes
                0x0000015a       0x34 ./Core/Src/stm32f4xx_gpio.o
 .ARM.attributes
                0x0000018e       0x34 ./Core/Src/stm32f4xx_rcc.o
 .ARM.attributes
                0x000001c2       0x34 ./Core/Src/stm32f4xx_tim.o
 .ARM.attributes
                0x000001f6       0x34 ./Core/Src/system_stm32f4xx.o
 .ARM.attributes
                0x0000022a       0x21 ./Core/Startup/startup_stm32f407vgtx.o
 .ARM.attributes
                0x0000024b       0x34 /opt/st/stm32cubeclt_1.19.0/GNU-tools-for-STM32/bin/../lib/gcc/arm-none-eabi/13.3.1/../../../../arm-none-eabi/lib/thumb/v7e-m+fp/hard/libc_nano.a(libc_a-init.o)
 .ARM.attributes
                0x0000027f       0x22 /opt/st/stm32cubeclt_1.19.0/GNU-tools-for-STM32/bin/../lib/gcc/arm-none-eabi/13.3.1/thumb/v7e-m+fp/hard/crtn.o
OUTPUT(VGA.elf elf32-littlearm)
LOAD linker stubs
LOAD /opt/st/stm32cubeclt_1.19.0/GNU-tools-for-STM32/bin/../lib/gcc/arm-none-eabi/13.3.1/../../../../arm-none-eabi/lib/thumb/v7e-m+fp/hard/libc.a
LOAD /opt/st/stm32cubeclt_1.19.0/GNU-tools-for-STM32/bin/../lib/gcc/arm-none-eabi/13.3.1/../../../../arm-none-eabi/lib/thumb/v7e-m+fp/hard/libm.a
LOAD /opt/st/stm32cubeclt_1.19.0/GNU-tools-for-STM32/bin/../lib/gcc/arm-none-eabi/13.3.1/thumb/v7e-m+fp/hard/libgcc.a

.debug_info     0x00000000     0x521d
 .debug_info    0x00000000      0x382 ./Core/Src/logic_layer.o
 .debug_info    0x00000382      0x1c1 ./Core/Src/main.o
 .debug_info    0x00000543      0x4fa ./Core/Src/misc.o
 .debug_info    0x00000a3d      0xd0c ./Core/Src/stm32_ub_vga_screen.o
 .debug_info    0x00001749      0x6f3 ./Core/Src/stm32f4xx_dma.o
 .debug_info    0x00001e3c      0x60c ./Core/Src/stm32f4xx_gpio.o
 .debug_info    0x00002448      0xbff ./Core/Src/stm32f4xx_rcc.o
 .debug_info    0x00003047     0x1bf5 ./Core/Src/stm32f4xx_tim.o
 .debug_info    0x00004c3c      0x5b1 ./Core/Src/system_stm32f4xx.o
 .debug_info    0x000051ed       0x30 ./Core/Startup/startup_stm32f407vgtx.o

.debug_abbrev   0x00000000      0xec6
 .debug_abbrev  0x00000000      0x11d ./Core/Src/logic_layer.o
 .debug_abbrev  0x0000011d       0xd0 ./Core/Src/main.o
 .debug_abbrev  0x000001ed      0x17f ./Core/Src/misc.o
 .debug_abbrev  0x0000036c      0x28c ./Core/Src/stm32_ub_vga_screen.o
 .debug_abbrev  0x000005f8      0x178 ./Core/Src/stm32f4xx_dma.o
 .debug_abbrev  0x00000770      0x1ee ./Core/Src/stm32f4xx_gpio.o
 .debug_abbrev  0x0000095e      0x20d ./Core/Src/stm32f4xx_rcc.o
 .debug_abbrev  0x00000b6b      0x1ce ./Core/Src/stm32f4xx_tim.o
 .debug_abbrev  0x00000d39      0x169 ./Core/Src/system_stm32f4xx.o
 .debug_abbrev  0x00000ea2       0x24 ./Core/Startup/startup_stm32f407vgtx.o

.debug_aranges  0x00000000      0x6f0
 .debug_aranges
                0x00000000       0x30 ./Core/Src/logic_layer.o
 .debug_aranges
                0x00000030       0x20 ./Core/Src/main.o
 .debug_aranges
                0x00000050       0x40 ./Core/Src/misc.o
 .debug_aranges
                0x00000090       0x60 ./Core/Src/stm32_ub_vga_screen.o
 .debug_aranges
                0x000000f0       0xb0 ./Core/Src/stm32f4xx_dma.o
 .debug_aranges
                0x000001a0       0x88 ./Core/Src/stm32f4xx_gpio.o
 .debug_aranges
                0x00000228      0x178 ./Core/Src/stm32f4xx_rcc.o
 .debug_aranges
                0x000003a0      0x2f8 ./Core/Src/stm32f4xx_tim.o
 .debug_aranges
                0x00000698       0x30 ./Core/Src/system_stm32f4xx.o
 .debug_aranges
                0x000006c8       0x28 ./Core/Startup/startup_stm32f407vgtx.o

.debug_rnglists
                0x00000000      0x531
 .debug_rnglists
                0x00000000       0x30 ./Core/Src/logic_layer.o
 .debug_rnglists
                0x00000030       0x14 ./Core/Src/main.o
 .debug_rnglists
                0x00000044       0x2c ./Core/Src/misc.o
 .debug_rnglists
                0x00000070       0x48 ./Core/Src/stm32_ub_vga_screen.o
 .debug_rnglists
                0x000000b8       0x82 ./Core/Src/stm32f4xx_dma.o
 .debug_rnglists
                0x0000013a       0x64 ./Core/Src/stm32f4xx_gpio.o
 .debug_rnglists
                0x0000019e      0x116 ./Core/Src/stm32f4xx_rcc.o
 .debug_rnglists
                0x000002b4      0x243 ./Core/Src/stm32f4xx_tim.o
 .debug_rnglists
                0x000004f7       0x21 ./Core/Src/system_stm32f4xx.o
 .debug_rnglists
                0x00000518       0x19 ./Core/Startup/startup_stm32f407vgtx.o

.debug_macro    0x00000000     0xcf59
 .debug_macro   0x00000000      0x1ce ./Core/Src/logic_layer.o
 .debug_macro   0x000001ce       0x63 ./Core/Src/logic_layer.o
 .debug_macro   0x00000231       0x35 ./Core/Src/logic_layer.o
 .debug_macro   0x00000266       0x22 ./Core/Src/logic_layer.o
 .debug_macro   0x00000288       0x8e ./Core/Src/logic_layer.o
 .debug_macro   0x00000316       0x51 ./Core/Src/logic_layer.o
 .debug_macro   0x00000367      0x103 ./Core/Src/logic_layer.o
 .debug_macro   0x0000046a       0x6a ./Core/Src/logic_layer.o
 .debug_macro   0x000004d4      0x1df ./Core/Src/logic_layer.o
 .debug_macro   0x000006b3       0x18 ./Core/Src/logic_layer.o
 .debug_macro   0x000006cb       0x42 ./Core/Src/logic_layer.o
 .debug_macro   0x0000070d      0x8cb ./Core/Src/logic_layer.o
 .debug_macro   0x00000fd8     0x8088 ./Core/Src/logic_layer.o
 .debug_macro   0x00009060      0x265 ./Core/Src/logic_layer.o
 .debug_macro   0x000092c5      0x538 ./Core/Src/logic_layer.o
 .debug_macro   0x000097fd      0x73b ./Core/Src/logic_layer.o
 .debug_macro   0x00009f38       0x7f ./Core/Src/logic_layer.o
 .debug_macro   0x00009fb7      0x477 ./Core/Src/logic_layer.o
 .debug_macro   0x0000a42e       0xd3 ./Core/Src/logic_layer.o
 .debug_macro   0x0000a501       0x61 ./Core/Src/logic_layer.o
 .debug_macro   0x0000a562       0x2a ./Core/Src/logic_layer.o
 .debug_macro   0x0000a58c       0x43 ./Core/Src/logic_layer.o
 .debug_macro   0x0000a5cf       0x34 ./Core/Src/logic_layer.o
 .debug_macro   0x0000a603       0x16 ./Core/Src/logic_layer.o
 .debug_macro   0x0000a619       0x9e ./Core/Src/logic_layer.o
 .debug_macro   0x0000a6b7      0x370 ./Core/Src/logic_layer.o
 .debug_macro   0x0000aa27      0x112 ./Core/Src/logic_layer.o
 .debug_macro   0x0000ab39       0x10 ./Core/Src/logic_layer.o
 .debug_macro   0x0000ab49       0x16 ./Core/Src/logic_layer.o
 .debug_macro   0x0000ab5f       0x4a ./Core/Src/logic_layer.o
 .debug_macro   0x0000aba9       0x34 ./Core/Src/logic_layer.o
 .debug_macro   0x0000abdd       0x10 ./Core/Src/logic_layer.o
 .debug_macro   0x0000abed       0x58 ./Core/Src/logic_layer.o
 .debug_macro   0x0000ac45       0x8e ./Core/Src/logic_layer.o
 .debug_macro   0x0000acd3       0x1c ./Core/Src/logic_layer.o
 .debug_macro   0x0000acef      0x185 ./Core/Src/logic_layer.o
 .debug_macro   0x0000ae74       0x16 ./Core/Src/logic_layer.o
 .debug_macro   0x0000ae8a       0x16 ./Core/Src/logic_layer.o
 .debug_macro   0x0000aea0      0x146 ./Core/Src/logic_layer.o
 .debug_macro   0x0000afe6      0x1bd ./Core/Src/main.o
 .debug_macro   0x0000b1a3      0x190 ./Core/Src/main.o
 .debug_macro   0x0000b333      0x19b ./Core/Src/main.o
 .debug_macro   0x0000b4ce       0xc9 ./Core/Src/misc.o
 .debug_macro   0x0000b597       0x79 ./Core/Src/misc.o
 .debug_macro   0x0000b610       0x10 ./Core/Src/misc.o
 .debug_macro   0x0000b620       0xe7 ./Core/Src/stm32_ub_vga_screen.o
 .debug_macro   0x0000b707      0x120 ./Core/Src/stm32f4xx_dma.o
 .debug_macro   0x0000b827      0x471 ./Core/Src/stm32f4xx_dma.o
 .debug_macro   0x0000bc98       0xcc ./Core/Src/stm32f4xx_gpio.o
 .debug_macro   0x0000bd64      0x25f ./Core/Src/stm32f4xx_gpio.o
 .debug_macro   0x0000bfc3      0x16b ./Core/Src/stm32f4xx_rcc.o
 .debug_macro   0x0000c12e      0x532 ./Core/Src/stm32f4xx_rcc.o
 .debug_macro   0x0000c660       0xf6 ./Core/Src/stm32f4xx_tim.o
 .debug_macro   0x0000c756      0x735 ./Core/Src/stm32f4xx_tim.o
 .debug_macro   0x0000ce8b       0xce ./Core/Src/system_stm32f4xx.o

.debug_line     0x00000000     0x491a
 .debug_line    0x00000000      0x59b ./Core/Src/logic_layer.o
 .debug_line    0x0000059b      0x420 ./Core/Src/main.o
 .debug_line    0x000009bb      0x4ea ./Core/Src/misc.o
 .debug_line    0x00000ea5      0x58b ./Core/Src/stm32_ub_vga_screen.o
 .debug_line    0x00001430      0x8a3 ./Core/Src/stm32f4xx_dma.o
 .debug_line    0x00001cd3      0x6fc ./Core/Src/stm32f4xx_gpio.o
 .debug_line    0x000023cf      0xbb5 ./Core/Src/stm32f4xx_rcc.o
 .debug_line    0x00002f84     0x13d1 ./Core/Src/stm32f4xx_tim.o
 .debug_line    0x00004355      0x54e ./Core/Src/system_stm32f4xx.o
 .debug_line    0x000048a3       0x77 ./Core/Startup/startup_stm32f407vgtx.o

.debug_str      0x00000000    0x473c0
 .debug_str     0x00000000    0x473c0 ./Core/Src/logic_layer.o
                              0x442e3 (size before relaxing)
 .debug_str     0x000473c0    0x444bb ./Core/Src/main.o
 .debug_str     0x000473c0    0x35096 ./Core/Src/misc.o
 .debug_str     0x000473c0    0x413ab ./Core/Src/stm32_ub_vga_screen.o
 .debug_str     0x000473c0    0x3ab3d ./Core/Src/stm32f4xx_dma.o
 .debug_str     0x000473c0    0x38fb7 ./Core/Src/stm32f4xx_gpio.o
 .debug_str     0x000473c0    0x38390 ./Core/Src/stm32f4xx_rcc.o
 .debug_str     0x000473c0    0x3cb28 ./Core/Src/stm32f4xx_tim.o
 .debug_str     0x000473c0    0x34bbb ./Core/Src/system_stm32f4xx.o
 .debug_str     0x000473c0       0x69 ./Core/Startup/startup_stm32f407vgtx.o

.comment        0x00000000       0x43
 .comment       0x00000000       0x43 ./Core/Src/logic_layer.o
                                 0x44 (size before relaxing)
 .comment       0x00000043       0x44 ./Core/Src/main.o
 .comment       0x00000043       0x44 ./Core/Src/misc.o
 .comment       0x00000043       0x44 ./Core/Src/stm32_ub_vga_screen.o
 .comment       0x00000043       0x44 ./Core/Src/stm32f4xx_dma.o
 .comment       0x00000043       0x44 ./Core/Src/stm32f4xx_gpio.o
 .comment       0x00000043       0x44 ./Core/Src/stm32f4xx_rcc.o
 .comment       0x00000043       0x44 ./Core/Src/stm32f4xx_tim.o
 .comment       0x00000043       0x44 ./Core/Src/system_stm32f4xx.o

.debug_frame    0x00000000     0x1dfc
 .debug_frame   0x00000000       0x94 ./Core/Src/logic_layer.o
 .debug_frame   0x00000094       0x34 ./Core/Src/main.o
 .debug_frame   0x000000c8       0xd8 ./Core/Src/misc.o
 .debug_frame   0x000001a0      0x148 ./Core/Src/stm32_ub_vga_screen.o
 .debug_frame   0x000002e8      0x308 ./Core/Src/stm32f4xx_dma.o
 .debug_frame   0x000005f0      0x23c ./Core/Src/stm32f4xx_gpio.o
 .debug_frame   0x0000082c      0x6d4 ./Core/Src/stm32f4xx_rcc.o
 .debug_frame   0x00000f00      0xe54 ./Core/Src/stm32f4xx_tim.o
 .debug_frame   0x00001d54       0x7c ./Core/Src/system_stm32f4xx.o
 .debug_frame   0x00001dd0       0x2c /opt/st/stm32cubeclt_1.19.0/GNU-tools-for-STM32/bin/../lib/gcc/arm-none-eabi/13.3.1/../../../../arm-none-eabi/lib/thumb/v7e-m+fp/hard/libc_nano.a(libc_a-init.o)

.debug_line_str
                0x00000000       0x4d
 .debug_line_str
                0x00000000       0x4d ./Core/Startup/startup_stm32f407vgtx.o
